Archive member included to satisfy reference by file (symbol)

c:/st/stm32cubeide_1.9.0/stm32cubeide/plugins/com.st.stm32cube.ide.mcu.externaltools.gnu-tools-for-stm32.10.3-2021.10.win32_1.0.0.202111181127/tools/bin/../lib/gcc/arm-none-eabi/10.3.1/../../../../arm-none-eabi/lib/thumb/v7-m/nofp\libc_nano.a(lib_a-errno.o)
                              ./Core/Src/syscalls.o (__errno)
c:/st/stm32cubeide_1.9.0/stm32cubeide/plugins/com.st.stm32cube.ide.mcu.externaltools.gnu-tools-for-stm32.10.3-2021.10.win32_1.0.0.202111181127/tools/bin/../lib/gcc/arm-none-eabi/10.3.1/../../../../arm-none-eabi/lib/thumb/v7-m/nofp\libc_nano.a(lib_a-exit.o)
                              c:/st/stm32cubeide_1.9.0/stm32cubeide/plugins/com.st.stm32cube.ide.mcu.externaltools.gnu-tools-for-stm32.10.3-2021.10.win32_1.0.0.202111181127/tools/bin/../lib/gcc/arm-none-eabi/10.3.1/../../../../arm-none-eabi/lib/thumb/v7-m/nofp/crt0.o (exit)
c:/st/stm32cubeide_1.9.0/stm32cubeide/plugins/com.st.stm32cube.ide.mcu.externaltools.gnu-tools-for-stm32.10.3-2021.10.win32_1.0.0.202111181127/tools/bin/../lib/gcc/arm-none-eabi/10.3.1/../../../../arm-none-eabi/lib/thumb/v7-m/nofp\libc_nano.a(lib_a-impure.o)
                              c:/st/stm32cubeide_1.9.0/stm32cubeide/plugins/com.st.stm32cube.ide.mcu.externaltools.gnu-tools-for-stm32.10.3-2021.10.win32_1.0.0.202111181127/tools/bin/../lib/gcc/arm-none-eabi/10.3.1/../../../../arm-none-eabi/lib/thumb/v7-m/nofp\libc_nano.a(lib_a-exit.o) (_global_impure_ptr)
c:/st/stm32cubeide_1.9.0/stm32cubeide/plugins/com.st.stm32cube.ide.mcu.externaltools.gnu-tools-for-stm32.10.3-2021.10.win32_1.0.0.202111181127/tools/bin/../lib/gcc/arm-none-eabi/10.3.1/../../../../arm-none-eabi/lib/thumb/v7-m/nofp\libc_nano.a(lib_a-init.o)
                              c:/st/stm32cubeide_1.9.0/stm32cubeide/plugins/com.st.stm32cube.ide.mcu.externaltools.gnu-tools-for-stm32.10.3-2021.10.win32_1.0.0.202111181127/tools/bin/../lib/gcc/arm-none-eabi/10.3.1/../../../../arm-none-eabi/lib/thumb/v7-m/nofp/crt0.o (__libc_init_array)
c:/st/stm32cubeide_1.9.0/stm32cubeide/plugins/com.st.stm32cube.ide.mcu.externaltools.gnu-tools-for-stm32.10.3-2021.10.win32_1.0.0.202111181127/tools/bin/../lib/gcc/arm-none-eabi/10.3.1/../../../../arm-none-eabi/lib/thumb/v7-m/nofp\libc_nano.a(lib_a-memset.o)
                              c:/st/stm32cubeide_1.9.0/stm32cubeide/plugins/com.st.stm32cube.ide.mcu.externaltools.gnu-tools-for-stm32.10.3-2021.10.win32_1.0.0.202111181127/tools/bin/../lib/gcc/arm-none-eabi/10.3.1/../../../../arm-none-eabi/lib/thumb/v7-m/nofp/crt0.o (memset)
c:/st/stm32cubeide_1.9.0/stm32cubeide/plugins/com.st.stm32cube.ide.mcu.externaltools.gnu-tools-for-stm32.10.3-2021.10.win32_1.0.0.202111181127/tools/bin/../lib/gcc/arm-none-eabi/10.3.1/thumb/v7-m/nofp\libgcc.a(_arm_muldf3.o)
                              ./Core/Src/main.o (__aeabi_dmul)
c:/st/stm32cubeide_1.9.0/stm32cubeide/plugins/com.st.stm32cube.ide.mcu.externaltools.gnu-tools-for-stm32.10.3-2021.10.win32_1.0.0.202111181127/tools/bin/../lib/gcc/arm-none-eabi/10.3.1/thumb/v7-m/nofp\libgcc.a(_arm_addsubdf3.o)
                              ./Core/Src/main.o (__aeabi_dsub)
c:/st/stm32cubeide_1.9.0/stm32cubeide/plugins/com.st.stm32cube.ide.mcu.externaltools.gnu-tools-for-stm32.10.3-2021.10.win32_1.0.0.202111181127/tools/bin/../lib/gcc/arm-none-eabi/10.3.1/thumb/v7-m/nofp\libgcc.a(_arm_muldivdf3.o)
                              ./Core/Src/main.o (__aeabi_ddiv)
c:/st/stm32cubeide_1.9.0/stm32cubeide/plugins/com.st.stm32cube.ide.mcu.externaltools.gnu-tools-for-stm32.10.3-2021.10.win32_1.0.0.202111181127/tools/bin/../lib/gcc/arm-none-eabi/10.3.1/thumb/v7-m/nofp\libgcc.a(_arm_cmpdf2.o)
                              ./Core/Src/main.o (__aeabi_dcmplt)
c:/st/stm32cubeide_1.9.0/stm32cubeide/plugins/com.st.stm32cube.ide.mcu.externaltools.gnu-tools-for-stm32.10.3-2021.10.win32_1.0.0.202111181127/tools/bin/../lib/gcc/arm-none-eabi/10.3.1/thumb/v7-m/nofp\libgcc.a(_arm_fixdfsi.o)
                              ./Core/Src/main.o (__aeabi_d2iz)
c:/st/stm32cubeide_1.9.0/stm32cubeide/plugins/com.st.stm32cube.ide.mcu.externaltools.gnu-tools-for-stm32.10.3-2021.10.win32_1.0.0.202111181127/tools/bin/../lib/gcc/arm-none-eabi/10.3.1/thumb/v7-m/nofp\libgcc.a(_arm_fixunsdfsi.o)
                              ./Core/Src/main.o (__aeabi_d2uiz)

Discarded input sections

 .text          0x0000000000000000        0x0 c:/st/stm32cubeide_1.9.0/stm32cubeide/plugins/com.st.stm32cube.ide.mcu.externaltools.gnu-tools-for-stm32.10.3-2021.10.win32_1.0.0.202111181127/tools/bin/../lib/gcc/arm-none-eabi/10.3.1/thumb/v7-m/nofp/crti.o
 .data          0x0000000000000000        0x0 c:/st/stm32cubeide_1.9.0/stm32cubeide/plugins/com.st.stm32cube.ide.mcu.externaltools.gnu-tools-for-stm32.10.3-2021.10.win32_1.0.0.202111181127/tools/bin/../lib/gcc/arm-none-eabi/10.3.1/thumb/v7-m/nofp/crti.o
[...]
Memory Configuration

Name             Origin             Length             Attributes
RAM              0x0000000020000000 0x0000000000002800 xrw
FLASH            0x0000000008000000 0x0000000000008000 xr
*default*        0x0000000000000000 0xffffffffffffffff

Linker script and memory map

LOAD c:/st/stm32cubeide_1.9.0/stm32cubeide/plugins/com.st.stm32cube.ide.mcu.externaltools.gnu-tools-for-stm32.10.3-2021.10.win32_1.0.0.202111181127/tools/bin/../lib/gcc/arm-none-eabi/10.3.1/thumb/v7-m/nofp/crti.o
LOAD c:/st/stm32cubeide_1.9.0/stm32cubeide/plugins/com.st.stm32cube.ide.mcu.externaltools.gnu-tools-for-stm32.10.3-2021.10.win32_1.0.0.202111181127/tools/bin/../lib/gcc/arm-none-eabi/10.3.1/thumb/v7-m/nofp/crtbegin.o
LOAD c:/st/stm32cubeide_1.9.0/stm32cubeide/plugins/com.st.stm32cube.ide.mcu.externaltools.gnu-tools-for-stm32.10.3-2021.10.win32_1.0.0.202111181127/tools/bin/../lib/gcc/arm-none-eabi/10.3.1/../../../../arm-none-eabi/lib/thumb/v7-m/nofp/crt0.o
LOAD ./Core/Src/main.o
LOAD ./Core/Src/stm32f1xx_hal_msp.o
LOAD ./Core/Src/stm32f1xx_it.o
LOAD ./Core/Src/syscalls.o
LOAD ./Core/Src/sysmem.o
LOAD ./Core/Src/system_stm32f1xx.o
LOAD ./Core/Startup/startup_stm32f103c6tx.o
LOAD ./Drivers/STM32F1xx_HAL_Driver/Src/stm32f1xx_hal.o
LOAD ./Drivers/STM32F1xx_HAL_Driver/Src/stm32f1xx_hal_adc.o
LOAD ./Drivers/STM32F1xx_HAL_Driver/Src/stm32f1xx_hal_adc_ex.o
LOAD ./Drivers/STM32F1xx_HAL_Driver/Src/stm32f1xx_hal_cortex.o
LOAD ./Drivers/STM32F1xx_HAL_Driver/Src/stm32f1xx_hal_dma.o
LOAD ./Drivers/STM32F1xx_HAL_Driver/Src/stm32f1xx_hal_exti.o
LOAD ./Drivers/STM32F1xx_HAL_Driver/Src/stm32f1xx_hal_flash.o
LOAD ./Drivers/STM32F1xx_HAL_Driver/Src/stm32f1xx_hal_flash_ex.o
LOAD ./Drivers/STM32F1xx_HAL_Driver/Src/stm32f1xx_hal_gpio.o
LOAD ./Drivers/STM32F1xx_HAL_Driver/Src/stm32f1xx_hal_gpio_ex.o
LOAD ./Drivers/STM32F1xx_HAL_Driver/Src/stm32f1xx_hal_pcd.o
LOAD ./Drivers/STM32F1xx_HAL_Driver/Src/stm32f1xx_hal_pcd_ex.o
LOAD ./Drivers/STM32F1xx_HAL_Driver/Src/stm32f1xx_hal_pwr.o
LOAD ./Drivers/STM32F1xx_HAL_Driver/Src/stm32f1xx_hal_rcc.o
LOAD ./Drivers/STM32F1xx_HAL_Driver/Src/stm32f1xx_hal_rcc_ex.o
LOAD ./Drivers/STM32F1xx_HAL_Driver/Src/stm32f1xx_hal_tim.o
LOAD ./Drivers/STM32F1xx_HAL_Driver/Src/stm32f1xx_hal_tim_ex.o
LOAD ./Drivers/STM32F1xx_HAL_Driver/Src/stm32f1xx_ll_usb.o
LOAD ./Middlewares/ST/STM32_USB_Device_Library/Class/CustomHID/Src/usbd_customhid.o
LOAD ./Middlewares/ST/STM32_USB_Device_Library/Core/Src/usbd_core.o
LOAD ./Middlewares/ST/STM32_USB_Device_Library/Core/Src/usbd_ctlreq.o
LOAD ./Middlewares/ST/STM32_USB_Device_Library/Core/Src/usbd_ioreq.o
LOAD ./USB_DEVICE/App/usb_device.o
LOAD ./USB_DEVICE/App/usbd_custom_hid_if.o
LOAD ./USB_DEVICE/App/usbd_desc.o
LOAD ./USB_DEVICE/Target/usbd_conf.o
START GROUP
LOAD c:/st/stm32cubeide_1.9.0/stm32cubeide/plugins/com.st.stm32cube.ide.mcu.externaltools.gnu-tools-for-stm32.10.3-2021.10.win32_1.0.0.202111181127/tools/bin/../lib/gcc/arm-none-eabi/10.3.1/../../../../arm-none-eabi/lib/thumb/v7-m/nofp\libstdc++_nano.a
LOAD c:/st/stm32cubeide_1.9.0/stm32cubeide/plugins/com.st.stm32cube.ide.mcu.externaltools.gnu-tools-for-stm32.10.3-2021.10.win32_1.0.0.202111181127/tools/bin/../lib/gcc/arm-none-eabi/10.3.1/../../../../arm-none-eabi/lib/thumb/v7-m/nofp\libsupc++_nano.a
END GROUP
LOAD c:/st/stm32cubeide_1.9.0/stm32cubeide/plugins/com.st.stm32cube.ide.mcu.externaltools.gnu-tools-for-stm32.10.3-2021.10.win32_1.0.0.202111181127/tools/bin/../lib/gcc/arm-none-eabi/10.3.1/../../../../arm-none-eabi/lib/thumb/v7-m/nofp\libstdc++_nano.a
LOAD c:/st/stm32cubeide_1.9.0/stm32cubeide/plugins/com.st.stm32cube.ide.mcu.externaltools.gnu-tools-for-stm32.10.3-2021.10.win32_1.0.0.202111181127/tools/bin/../lib/gcc/arm-none-eabi/10.3.1/../../../../arm-none-eabi/lib/thumb/v7-m/nofp\libm.a
LOAD c:/st/stm32cubeide_1.9.0/stm32cubeide/plugins/com.st.stm32cube.ide.mcu.externaltools.gnu-tools-for-stm32.10.3-2021.10.win32_1.0.0.202111181127/tools/bin/../lib/gcc/arm-none-eabi/10.3.1/../../../../arm-none-eabi/lib/thumb/v7-m/nofp\libc_nano.a
START GROUP
LOAD c:/st/stm32cubeide_1.9.0/stm32cubeide/plugins/com.st.stm32cube.ide.mcu.externaltools.gnu-tools-for-stm32.10.3-2021.10.win32_1.0.0.202111181127/tools/bin/../lib/gcc/arm-none-eabi/10.3.1/thumb/v7-m/nofp\libgcc.a
LOAD c:/st/stm32cubeide_1.9.0/stm32cubeide/plugins/com.st.stm32cube.ide.mcu.externaltools.gnu-tools-for-stm32.10.3-2021.10.win32_1.0.0.202111181127/tools/bin/../lib/gcc/arm-none-eabi/10.3.1/../../../../arm-none-eabi/lib/thumb/v7-m/nofp\libc_nano.a
END GROUP
START GROUP
LOAD c:/st/stm32cubeide_1.9.0/stm32cubeide/plugins/com.st.stm32cube.ide.mcu.externaltools.gnu-tools-for-stm32.10.3-2021.10.win32_1.0.0.202111181127/tools/bin/../lib/gcc/arm-none-eabi/10.3.1/thumb/v7-m/nofp\libgcc.a
LOAD c:/st/stm32cubeide_1.9.0/stm32cubeide/plugins/com.st.stm32cube.ide.mcu.externaltools.gnu-tools-for-stm32.10.3-2021.10.win32_1.0.0.202111181127/tools/bin/../lib/gcc/arm-none-eabi/10.3.1/../../../../arm-none-eabi/lib/thumb/v7-m/nofp\libc_nano.a
LOAD c:/st/stm32cubeide_1.9.0/stm32cubeide/plugins/com.st.stm32cube.ide.mcu.externaltools.gnu-tools-for-stm32.10.3-2021.10.win32_1.0.0.202111181127/tools/bin/../lib/gcc/arm-none-eabi/10.3.1/../../../../arm-none-eabi/lib/thumb/v7-m/nofp\libnosys.a
END GROUP
START GROUP
LOAD c:/st/stm32cubeide_1.9.0/stm32cubeide/plugins/com.st.stm32cube.ide.mcu.externaltools.gnu-tools-for-stm32.10.3-2021.10.win32_1.0.0.202111181127/tools/bin/../lib/gcc/arm-none-eabi/10.3.1/thumb/v7-m/nofp\libgcc.a
LOAD c:/st/stm32cubeide_1.9.0/stm32cubeide/plugins/com.st.stm32cube.ide.mcu.externaltools.gnu-tools-for-stm32.10.3-2021.10.win32_1.0.0.202111181127/tools/bin/../lib/gcc/arm-none-eabi/10.3.1/../../../../arm-none-eabi/lib/thumb/v7-m/nofp\libc_nano.a
LOAD c:/st/stm32cubeide_1.9.0/stm32cubeide/plugins/com.st.stm32cube.ide.mcu.externaltools.gnu-tools-for-stm32.10.3-2021.10.win32_1.0.0.202111181127/tools/bin/../lib/gcc/arm-none-eabi/10.3.1/../../../../arm-none-eabi/lib/thumb/v7-m/nofp\libnosys.a
END GROUP
LOAD c:/st/stm32cubeide_1.9.0/stm32cubeide/plugins/com.st.stm32cube.ide.mcu.externaltools.gnu-tools-for-stm32.10.3-2021.10.win32_1.0.0.202111181127/tools/bin/../lib/gcc/arm-none-eabi/10.3.1/thumb/v7-m/nofp/crtend.o
LOAD c:/st/stm32cubeide_1.9.0/stm32cubeide/plugins/com.st.stm32cube.ide.mcu.externaltools.gnu-tools-for-stm32.10.3-2021.10.win32_1.0.0.202111181127/tools/bin/../lib/gcc/arm-none-eabi/10.3.1/thumb/v7-m/nofp/crtn.o
                0x0000000020002800                _estack = (ORIGIN (RAM) + LENGTH (RAM))
                0x0000000000000200                _Min_Heap_Size = 0x200
                0x0000000000000400                _Min_Stack_Size = 0x400

.isr_vector     0x0000000008000000      0x10c
                0x0000000008000000                . = ALIGN (0x4)
 *(.isr_vector)
 .isr_vector    0x0000000008000000      0x10c ./Core/Startup/startup_stm32f103c6tx.o
                0x0000000008000000                g_pfnVectors
                0x000000000800010c                . = ALIGN (0x4)

.text           0x0000000008000110     0x4e8c
                0x0000000008000110                . = ALIGN (0x4)
 *(.text)
 .text          0x0000000008000110       0x40 c:/st/stm32cubeide_1.9.0/stm32cubeide/plugins/com.st.stm32cube.ide.mcu.externaltools.gnu-tools-for-stm32.10.3-2021.10.win32_1.0.0.202111181127/tools/bin/../lib/gcc/arm-none-eabi/10.3.1/thumb/v7-m/nofp/crtbegin.o
 .text          0x0000000008000150      0x378 c:/st/stm32cubeide_1.9.0/stm32cubeide/plugins/com.st.stm32cube.ide.mcu.externaltools.gnu-tools-for-stm32.10.3-2021.10.win32_1.0.0.202111181127/tools/bin/../lib/gcc/arm-none-eabi/10.3.1/thumb/v7-m/nofp\libgcc.a(_arm_addsubdf3.o)
                0x0000000008000150                __aeabi_drsub
                0x0000000008000158                __aeabi_dsub
                0x0000000008000158                __subdf3
                0x000000000800015c                __aeabi_dadd
                0x000000000800015c                __adddf3
                0x00000000080003d4                __floatunsidf
                0x00000000080003d4                __aeabi_ui2d
                0x00000000080003f4                __floatsidf
                0x00000000080003f4                __aeabi_i2d
                0x0000000008000418                __aeabi_f2d
                0x0000000008000418                __extendsfdf2
                0x000000000800045c                __floatundidf
                0x000000000800045c                __aeabi_ul2d
                0x000000000800046c                __floatdidf
                0x000000000800046c                __aeabi_l2d
 .text          0x00000000080004c8      0x424 c:/st/stm32cubeide_1.9.0/stm32cubeide/plugins/com.st.stm32cube.ide.mcu.externaltools.gnu-tools-for-stm32.10.3-2021.10.win32_1.0.0.202111181127/tools/bin/../lib/gcc/arm-none-eabi/10.3.1/thumb/v7-m/nofp\libgcc.a(_arm_muldivdf3.o)
                0x00000000080004c8                __aeabi_dmul
                0x00000000080004c8                __muldf3
                0x000000000800071c                __divdf3
                0x000000000800071c                __aeabi_ddiv
 .text          0x00000000080008ec      0x110 c:/st/stm32cubeide_1.9.0/stm32cubeide/plugins/com.st.stm32cube.ide.mcu.externaltools.gnu-tools-for-stm32.10.3-2021.10.win32_1.0.0.202111181127/tools/bin/../lib/gcc/arm-none-eabi/10.3.1/thumb/v7-m/nofp\libgcc.a(_arm_cmpdf2.o)
                0x00000000080008ec                __gtdf2
                0x00000000080008ec                __gedf2
                0x00000000080008f4                __ltdf2
                0x00000000080008f4                __ledf2
                0x00000000080008fc                __nedf2
                0x00000000080008fc                __eqdf2
                0x00000000080008fc                __cmpdf2
                0x0000000008000978                __aeabi_cdrcmple
                0x0000000008000988                __aeabi_cdcmpeq
                0x0000000008000988                __aeabi_cdcmple
                0x0000000008000998                __aeabi_dcmpeq
                0x00000000080009ac                __aeabi_dcmplt
                0x00000000080009c0                __aeabi_dcmple
                0x00000000080009d4                __aeabi_dcmpge
                0x00000000080009e8                __aeabi_dcmpgt
 .text          0x00000000080009fc       0x50 c:/st/stm32cubeide_1.9.0/stm32cubeide/plugins/com.st.stm32cube.ide.mcu.externaltools.gnu-tools-for-stm32.10.3-2021.10.win32_1.0.0.202111181127/tools/bin/../lib/gcc/arm-none-eabi/10.3.1/thumb/v7-m/nofp\libgcc.a(_arm_fixdfsi.o)
                0x00000000080009fc                __aeabi_d2iz
                0x00000000080009fc                __fixdfsi
 .text          0x0000000008000a4c       0x40 c:/st/stm32cubeide_1.9.0/stm32cubeide/plugins/com.st.stm32cube.ide.mcu.externaltools.gnu-tools-for-stm32.10.3-2021.10.win32_1.0.0.202111181127/tools/bin/../lib/gcc/arm-none-eabi/10.3.1/thumb/v7-m/nofp\libgcc.a(_arm_fixunsdfsi.o)
                0x0000000008000a4c                __aeabi_d2uiz
                0x0000000008000a4c                __fixunsdfsi
 *(.text*)
 .text.SystemClock_Config
                0x0000000008000a8c       0x8c ./Core/Src/main.o
                0x0000000008000a8c                SystemClock_Config
 .text.startup.main
                0x0000000008000b18      0x404 ./Core/Src/main.o
                0x0000000008000b18                main
 .text.Error_Handler
                0x0000000008000f1c        0x4 ./Core/Src/main.o
                0x0000000008000f1c                Error_Handler
 .text.HAL_MspInit
                0x0000000008000f20       0x44 ./Core/Src/stm32f1xx_hal_msp.o
                0x0000000008000f20                HAL_MspInit
 .text.HAL_ADC_MspInit
                0x0000000008000f64       0x9c ./Core/Src/stm32f1xx_hal_msp.o
                0x0000000008000f64                HAL_ADC_MspInit
 .text.NMI_Handler
                0x0000000008001000        0x4 ./Core/Src/stm32f1xx_it.o
                0x0000000008001000                NMI_Handler
 .text.HardFault_Handler
                0x0000000008001004        0x4 ./Core/Src/stm32f1xx_it.o
                0x0000000008001004                HardFault_Handler
 .text.MemManage_Handler
                0x0000000008001008        0x4 ./Core/Src/stm32f1xx_it.o
                0x0000000008001008                MemManage_Handler
 .text.BusFault_Handler
                0x000000000800100c        0x4 ./Core/Src/stm32f1xx_it.o
                0x000000000800100c                BusFault_Handler
 .text.UsageFault_Handler
                0x0000000008001010        0x4 ./Core/Src/stm32f1xx_it.o
                0x0000000008001010                UsageFault_Handler
 .text.SVC_Handler
                0x0000000008001014        0x4 ./Core/Src/stm32f1xx_it.o
                0x0000000008001014                SVC_Handler
 .text.DebugMon_Handler
                0x0000000008001018        0x4 ./Core/Src/stm32f1xx_it.o
                0x0000000008001018                DebugMon_Handler
 .text.PendSV_Handler
                0x000000000800101c        0x4 ./Core/Src/stm32f1xx_it.o
                0x000000000800101c                PendSV_Handler
 .text.SysTick_Handler
                0x0000000008001020        0x4 ./Core/Src/stm32f1xx_it.o
                0x0000000008001020                SysTick_Handler
 .text.DMA1_Channel1_IRQHandler
                0x0000000008001024        0xc ./Core/Src/stm32f1xx_it.o
                0x0000000008001024                DMA1_Channel1_IRQHandler
 .text.USB_LP_CAN1_RX0_IRQHandler
                0x0000000008001030        0xc ./Core/Src/stm32f1xx_it.o
                0x0000000008001030                USB_LP_CAN1_RX0_IRQHandler
 .text.SystemInit
                0x000000000800103c        0x4 ./Core/Src/system_stm32f1xx.o
                0x000000000800103c                SystemInit
 .text.Reset_Handler
                0x0000000008001040       0x48 ./Core/Startup/startup_stm32f103c6tx.o
                0x0000000008001040                Reset_Handler
 .text.Default_Handler
                0x0000000008001088        0x2 ./Core/Startup/startup_stm32f103c6tx.o
                0x0000000008001088                RTC_Alarm_IRQHandler
                0x0000000008001088                EXTI2_IRQHandler
                0x0000000008001088                TIM1_CC_IRQHandler
                0x0000000008001088                PVD_IRQHandler
                0x0000000008001088                EXTI3_IRQHandler
                0x0000000008001088                EXTI0_IRQHandler
                0x0000000008001088                ADC1_2_IRQHandler
                0x0000000008001088                SPI1_IRQHandler
                0x0000000008001088                TAMPER_IRQHandler
                0x0000000008001088                DMA1_Channel4_IRQHandler
                0x0000000008001088                RTC_IRQHandler
                0x0000000008001088                DMA1_Channel7_IRQHandler
                0x0000000008001088                CAN1_RX1_IRQHandler
                0x0000000008001088                I2C1_EV_IRQHandler
                0x0000000008001088                DMA1_Channel6_IRQHandler
                0x0000000008001088                TIM3_IRQHandler
                0x0000000008001088                RCC_IRQHandler
                0x0000000008001088                TIM1_TRG_COM_IRQHandler
                0x0000000008001088                Default_Handler
                0x0000000008001088                EXTI15_10_IRQHandler
                0x0000000008001088                EXTI9_5_IRQHandler
                0x0000000008001088                DMA1_Channel5_IRQHandler
                0x0000000008001088                EXTI4_IRQHandler
                0x0000000008001088                USB_HP_CAN1_TX_IRQHandler
                0x0000000008001088                DMA1_Channel3_IRQHandler
                0x0000000008001088                TIM1_UP_IRQHandler
                0x0000000008001088                WWDG_IRQHandler
                0x0000000008001088                TIM2_IRQHandler
                0x0000000008001088                TIM1_BRK_IRQHandler
                0x0000000008001088                EXTI1_IRQHandler
                0x0000000008001088                USART2_IRQHandler
                0x0000000008001088                DMA1_Channel2_IRQHandler
                0x0000000008001088                CAN1_SCE_IRQHandler
                0x0000000008001088                FLASH_IRQHandler
                0x0000000008001088                USART1_IRQHandler
                0x0000000008001088                I2C1_ER_IRQHandler
                0x0000000008001088                USBWakeUp_IRQHandler
 *fill*         0x000000000800108a        0x2 
 .text.HAL_InitTick
                0x000000000800108c       0x48 ./Drivers/STM32F1xx_HAL_Driver/Src/stm32f1xx_hal.o
                0x000000000800108c                HAL_InitTick
 .text.HAL_Init
                0x00000000080010d4       0x24 ./Drivers/STM32F1xx_HAL_Driver/Src/stm32f1xx_hal.o
                0x00000000080010d4                HAL_Init
 .text.HAL_IncTick
                0x00000000080010f8       0x18 ./Drivers/STM32F1xx_HAL_Driver/Src/stm32f1xx_hal.o
                0x00000000080010f8                HAL_IncTick
 .text.HAL_GetTick
                0x0000000008001110        0xc ./Drivers/STM32F1xx_HAL_Driver/Src/stm32f1xx_hal.o
                0x0000000008001110                HAL_GetTick
 .text.HAL_Delay
                0x000000000800111c       0x24 ./Drivers/STM32F1xx_HAL_Driver/Src/stm32f1xx_hal.o
                0x000000000800111c                HAL_Delay
 .text.HAL_ADC_Init
                0x0000000008001140      0x17c ./Drivers/STM32F1xx_HAL_Driver/Src/stm32f1xx_hal_adc.o
                0x0000000008001140                HAL_ADC_Init
 .text.HAL_ADC_Stop
                0x00000000080012bc       0x7c ./Drivers/STM32F1xx_HAL_Driver/Src/stm32f1xx_hal_adc.o
                0x00000000080012bc                HAL_ADC_Stop
 .text.HAL_ADC_PollForConversion
                0x0000000008001338      0x19c ./Drivers/STM32F1xx_HAL_Driver/Src/stm32f1xx_hal_adc.o
                0x0000000008001338                HAL_ADC_PollForConversion
 .text.HAL_ADC_GetValue
                0x00000000080014d4        0x8 ./Drivers/STM32F1xx_HAL_Driver/Src/stm32f1xx_hal_adc.o
                0x00000000080014d4                HAL_ADC_GetValue
 .text.HAL_ADC_ConfigChannel
                0x00000000080014dc      0x134 ./Drivers/STM32F1xx_HAL_Driver/Src/stm32f1xx_hal_adc.o
                0x00000000080014dc                HAL_ADC_ConfigChannel
 .text.ADC_Enable
                0x0000000008001610       0x88 ./Drivers/STM32F1xx_HAL_Driver/Src/stm32f1xx_hal_adc.o
                0x0000000008001610                ADC_Enable
 .text.HAL_ADC_Start
                0x0000000008001698       0xcc ./Drivers/STM32F1xx_HAL_Driver/Src/stm32f1xx_hal_adc.o
                0x0000000008001698                HAL_ADC_Start
 .text.HAL_NVIC_SetPriorityGrouping
                0x0000000008001764       0x24 ./Drivers/STM32F1xx_HAL_Driver/Src/stm32f1xx_hal_cortex.o
                0x0000000008001764                HAL_NVIC_SetPriorityGrouping
 .text.HAL_NVIC_SetPriority
                0x0000000008001788       0x7c ./Drivers/STM32F1xx_HAL_Driver/Src/stm32f1xx_hal_cortex.o
                0x0000000008001788                HAL_NVIC_SetPriority
 .text.HAL_NVIC_EnableIRQ
                0x0000000008001804       0x1c ./Drivers/STM32F1xx_HAL_Driver/Src/stm32f1xx_hal_cortex.o
                0x0000000008001804                HAL_NVIC_EnableIRQ
 .text.HAL_SYSTICK_Config
                0x0000000008001820       0x30 ./Drivers/STM32F1xx_HAL_Driver/Src/stm32f1xx_hal_cortex.o
                0x0000000008001820                HAL_SYSTICK_Config
 .text.HAL_DMA_Init
                0x0000000008001850       0x70 ./Drivers/STM32F1xx_HAL_Driver/Src/stm32f1xx_hal_dma.o
                0x0000000008001850                HAL_DMA_Init
 .text.HAL_DMA_IRQHandler
                0x00000000080018c0      0x12c ./Drivers/STM32F1xx_HAL_Driver/Src/stm32f1xx_hal_dma.o
                0x00000000080018c0                HAL_DMA_IRQHandler
 .text.HAL_GPIO_Init
                0x00000000080019ec      0x200 ./Drivers/STM32F1xx_HAL_Driver/Src/stm32f1xx_hal_gpio.o
                0x00000000080019ec                HAL_GPIO_Init
 .text.HAL_PCD_Init
                0x0000000008001bec      0x1fc ./Drivers/STM32F1xx_HAL_Driver/Src/stm32f1xx_hal_pcd.o
                0x0000000008001bec                HAL_PCD_Init
 .text.HAL_PCD_Start
                0x0000000008001de8       0x34 ./Drivers/STM32F1xx_HAL_Driver/Src/stm32f1xx_hal_pcd.o
                0x0000000008001de8                HAL_PCD_Start
 .text.HAL_PCD_IRQHandler
                0x0000000008001e1c      0xafc ./Drivers/STM32F1xx_HAL_Driver/Src/stm32f1xx_hal_pcd.o
                0x0000000008001e1c                HAL_PCD_IRQHandler
 .text.HAL_PCD_SetAddress
                0x0000000008002918       0x28 ./Drivers/STM32F1xx_HAL_Driver/Src/stm32f1xx_hal_pcd.o
                0x0000000008002918                HAL_PCD_SetAddress
 .text.HAL_PCD_EP_Open
                0x0000000008002940       0x6c ./Drivers/STM32F1xx_HAL_Driver/Src/stm32f1xx_hal_pcd.o
                0x0000000008002940                HAL_PCD_EP_Open
 .text.HAL_PCD_EP_Close
                0x00000000080029ac       0x5c ./Drivers/STM32F1xx_HAL_Driver/Src/stm32f1xx_hal_pcd.o
                0x00000000080029ac                HAL_PCD_EP_Close
 .text.HAL_PCD_EP_Receive
                0x0000000008002a08       0x30 ./Drivers/STM32F1xx_HAL_Driver/Src/stm32f1xx_hal_pcd.o
                0x0000000008002a08                HAL_PCD_EP_Receive
 .text.HAL_PCD_EP_Transmit
                0x0000000008002a38       0x3c ./Drivers/STM32F1xx_HAL_Driver/Src/stm32f1xx_hal_pcd.o
                0x0000000008002a38                HAL_PCD_EP_Transmit
 .text.HAL_PCD_EP_SetStall
                0x0000000008002a74       0x80 ./Drivers/STM32F1xx_HAL_Driver/Src/stm32f1xx_hal_pcd.o
                0x0000000008002a74                HAL_PCD_EP_SetStall
 .text.HAL_PCD_EP_ClrStall
                0x0000000008002af4       0x70 ./Drivers/STM32F1xx_HAL_Driver/Src/stm32f1xx_hal_pcd.o
                0x0000000008002af4                HAL_PCD_EP_ClrStall
 .text.HAL_PCDEx_PMAConfig
                0x0000000008002b64       0x38 ./Drivers/STM32F1xx_HAL_Driver/Src/stm32f1xx_hal_pcd_ex.o
                0x0000000008002b64                HAL_PCDEx_PMAConfig
 .text.HAL_RCC_OscConfig
                0x0000000008002b9c      0x3e0 ./Drivers/STM32F1xx_HAL_Driver/Src/stm32f1xx_hal_rcc.o
                0x0000000008002b9c                HAL_RCC_OscConfig
 .text.HAL_RCC_ClockConfig
                0x0000000008002f7c      0x184 ./Drivers/STM32F1xx_HAL_Driver/Src/stm32f1xx_hal_rcc.o
                0x0000000008002f7c                HAL_RCC_ClockConfig
 .text.HAL_RCC_GetPCLK2Freq
                0x0000000008003100       0x20 ./Drivers/STM32F1xx_HAL_Driver/Src/stm32f1xx_hal_rcc.o
                0x0000000008003100                HAL_RCC_GetPCLK2Freq
 .text.HAL_RCCEx_PeriphCLKConfig
                0x0000000008003120      0x104 ./Drivers/STM32F1xx_HAL_Driver/Src/stm32f1xx_hal_rcc_ex.o
                0x0000000008003120                HAL_RCCEx_PeriphCLKConfig
 .text.HAL_RCCEx_GetPeriphCLKFreq
                0x0000000008003224       0xd0 ./Drivers/STM32F1xx_HAL_Driver/Src/stm32f1xx_hal_rcc_ex.o
                0x0000000008003224                HAL_RCCEx_GetPeriphCLKFreq
 .text.USB_CoreInit
                0x00000000080032f4       0x10 ./Drivers/STM32F1xx_HAL_Driver/Src/stm32f1xx_ll_usb.o
                0x00000000080032f4                USB_CoreInit
 .text.USB_EnableGlobalInt
                0x0000000008003304       0x14 ./Drivers/STM32F1xx_HAL_Driver/Src/stm32f1xx_ll_usb.o
                0x0000000008003304                USB_EnableGlobalInt
 .text.USB_DisableGlobalInt
                0x0000000008003318       0x14 ./Drivers/STM32F1xx_HAL_Driver/Src/stm32f1xx_ll_usb.o
                0x0000000008003318                USB_DisableGlobalInt
 .text.USB_SetCurrentMode
                0x000000000800332c        0x4 ./Drivers/STM32F1xx_HAL_Driver/Src/stm32f1xx_ll_usb.o
                0x000000000800332c                USB_SetCurrentMode
 .text.USB_DevInit
                0x0000000008003330       0x2c ./Drivers/STM32F1xx_HAL_Driver/Src/stm32f1xx_ll_usb.o
                0x0000000008003330                USB_DevInit
 .text.USB_ActivateEndpoint
                0x000000000800335c      0x394 ./Drivers/STM32F1xx_HAL_Driver/Src/stm32f1xx_ll_usb.o
                0x000000000800335c                USB_ActivateEndpoint
 .text.USB_DeactivateEndpoint
                0x00000000080036f0      0x1c0 ./Drivers/STM32F1xx_HAL_Driver/Src/stm32f1xx_ll_usb.o
                0x00000000080036f0                USB_DeactivateEndpoint
 .text.USB_EPStartXfer
                0x00000000080038b0      0x5b0 ./Drivers/STM32F1xx_HAL_Driver/Src/stm32f1xx_ll_usb.o
                0x00000000080038b0                USB_EPStartXfer
 .text.USB_EPSetStall
                0x0000000008003e60       0x50 ./Drivers/STM32F1xx_HAL_Driver/Src/stm32f1xx_ll_usb.o
                0x0000000008003e60                USB_EPSetStall
 .text.USB_EPClearStall
                0x0000000008003eb0       0xa0 ./Drivers/STM32F1xx_HAL_Driver/Src/stm32f1xx_ll_usb.o
                0x0000000008003eb0                USB_EPClearStall
 .text.USB_SetDevAddress
                0x0000000008003f50        0xc ./Drivers/STM32F1xx_HAL_Driver/Src/stm32f1xx_ll_usb.o
                0x0000000008003f50                USB_SetDevAddress
 .text.USB_DevConnect
                0x0000000008003f5c        0x4 ./Drivers/STM32F1xx_HAL_Driver/Src/stm32f1xx_ll_usb.o
                0x0000000008003f5c                USB_DevConnect
 .text.USB_DevDisconnect
                0x0000000008003f60        0x4 ./Drivers/STM32F1xx_HAL_Driver/Src/stm32f1xx_ll_usb.o
                0x0000000008003f60                USB_DevDisconnect
 .text.USB_ReadInterrupts
                0x0000000008003f64        0x8 ./Drivers/STM32F1xx_HAL_Driver/Src/stm32f1xx_ll_usb.o
                0x0000000008003f64                USB_ReadInterrupts
 .text.USB_EP0_OutStart
                0x0000000008003f6c        0x4 ./Drivers/STM32F1xx_HAL_Driver/Src/stm32f1xx_ll_usb.o
                0x0000000008003f6c                USB_EP0_OutStart
 .text.USB_WritePMA
                0x0000000008003f70       0x20 ./Drivers/STM32F1xx_HAL_Driver/Src/stm32f1xx_ll_usb.o
                0x0000000008003f70                USB_WritePMA
 .text.USB_ReadPMA
                0x0000000008003f90       0x40 ./Drivers/STM32F1xx_HAL_Driver/Src/stm32f1xx_ll_usb.o
                0x0000000008003f90                USB_ReadPMA
 .text.USBD_CUSTOM_HID_GetFSCfgDesc
                0x0000000008003fd0       0x10 ./Middlewares/ST/STM32_USB_Device_Library/Class/CustomHID/Src/usbd_customhid.o
 .text.USBD_CUSTOM_HID_GetHSCfgDesc
                0x0000000008003fe0       0x10 ./Middlewares/ST/STM32_USB_Device_Library/Class/CustomHID/Src/usbd_customhid.o
 .text.USBD_CUSTOM_HID_GetOtherSpeedCfgDesc
                0x0000000008003ff0       0x10 ./Middlewares/ST/STM32_USB_Device_Library/Class/CustomHID/Src/usbd_customhid.o
 .text.USBD_CUSTOM_HID_DataIn
                0x0000000008004000       0x10 ./Middlewares/ST/STM32_USB_Device_Library/Class/CustomHID/Src/usbd_customhid.o
 .text.USBD_CUSTOM_HID_EP0_RxReady
                0x0000000008004010       0x20 ./Middlewares/ST/STM32_USB_Device_Library/Class/CustomHID/Src/usbd_customhid.o
 .text.USBD_CUSTOM_HID_GetDeviceQualifierDesc
                0x0000000008004030       0x10 ./Middlewares/ST/STM32_USB_Device_Library/Class/CustomHID/Src/usbd_customhid.o
 .text.USBD_CUSTOM_HID_DataOut
                0x0000000008004040       0x20 ./Middlewares/ST/STM32_USB_Device_Library/Class/CustomHID/Src/usbd_customhid.o
 .text.USBD_CUSTOM_HID_Setup
                0x0000000008004060      0x11c ./Middlewares/ST/STM32_USB_Device_Library/Class/CustomHID/Src/usbd_customhid.o
 .text.USBD_CUSTOM_HID_DeInit
                0x000000000800417c       0x38 ./Middlewares/ST/STM32_USB_Device_Library/Class/CustomHID/Src/usbd_customhid.o
 .text.USBD_CUSTOM_HID_Init
                0x00000000080041b4       0x54 ./Middlewares/ST/STM32_USB_Device_Library/Class/CustomHID/Src/usbd_customhid.o
 .text.USBD_CUSTOM_HID_SendReport
                0x0000000008004208       0x34 ./Middlewares/ST/STM32_USB_Device_Library/Class/CustomHID/Src/usbd_customhid.o
                0x0000000008004208                USBD_CUSTOM_HID_SendReport
 .text.USBD_CUSTOM_HID_RegisterInterface
                0x000000000800423c       0x10 ./Middlewares/ST/STM32_USB_Device_Library/Class/CustomHID/Src/usbd_customhid.o
                0x000000000800423c                USBD_CUSTOM_HID_RegisterInterface
 .text.USBD_Init
                0x000000000800424c       0x2c ./Middlewares/ST/STM32_USB_Device_Library/Core/Src/usbd_core.o
                0x000000000800424c                USBD_Init
 .text.USBD_RegisterClass
                0x0000000008004278       0x10 ./Middlewares/ST/STM32_USB_Device_Library/Core/Src/usbd_core.o
                0x0000000008004278                USBD_RegisterClass
 .text.USBD_Start
                0x0000000008004288        0xc ./Middlewares/ST/STM32_USB_Device_Library/Core/Src/usbd_core.o
                0x0000000008004288                USBD_Start
 .text.USBD_SetClassConfig
                0x0000000008004294       0x14 ./Middlewares/ST/STM32_USB_Device_Library/Core/Src/usbd_core.o
                0x0000000008004294                USBD_SetClassConfig
 .text.USBD_ClrClassConfig
                0x00000000080042a8       0x10 ./Middlewares/ST/STM32_USB_Device_Library/Core/Src/usbd_core.o
                0x00000000080042a8                USBD_ClrClassConfig
 .text.USBD_LL_SetupStage
                0x00000000080042b8       0x60 ./Middlewares/ST/STM32_USB_Device_Library/Core/Src/usbd_core.o
                0x00000000080042b8                USBD_LL_SetupStage
 .text.USBD_LL_DataOutStage
                0x0000000008004318       0x7c ./Middlewares/ST/STM32_USB_Device_Library/Core/Src/usbd_core.o
                0x0000000008004318                USBD_LL_DataOutStage
 .text.USBD_LL_DataInStage
                0x0000000008004394       0xcc ./Middlewares/ST/STM32_USB_Device_Library/Core/Src/usbd_core.o
                0x0000000008004394                USBD_LL_DataInStage
 .text.USBD_LL_Reset
                0x0000000008004460       0x50 ./Middlewares/ST/STM32_USB_Device_Library/Core/Src/usbd_core.o
                0x0000000008004460                USBD_LL_Reset
 .text.USBD_LL_SetSpeed
                0x00000000080044b0        0x8 ./Middlewares/ST/STM32_USB_Device_Library/Core/Src/usbd_core.o
                0x00000000080044b0                USBD_LL_SetSpeed
 .text.USBD_LL_Suspend
                0x00000000080044b8       0x14 ./Middlewares/ST/STM32_USB_Device_Library/Core/Src/usbd_core.o
                0x00000000080044b8                USBD_LL_Suspend
 .text.USBD_LL_Resume
                0x00000000080044cc       0x14 ./Middlewares/ST/STM32_USB_Device_Library/Core/Src/usbd_core.o
                0x00000000080044cc                USBD_LL_Resume
 .text.USBD_LL_SOF
                0x00000000080044e0       0x1c ./Middlewares/ST/STM32_USB_Device_Library/Core/Src/usbd_core.o
                0x00000000080044e0                USBD_LL_SOF
 .text.USBD_StdDevReq
                0x00000000080044fc      0x2e8 ./Middlewares/ST/STM32_USB_Device_Library/Core/Src/usbd_ctlreq.o
                0x00000000080044fc                USBD_StdDevReq
 .text.USBD_StdItfReq
                0x00000000080047e4       0x68 ./Middlewares/ST/STM32_USB_Device_Library/Core/Src/usbd_ctlreq.o
                0x00000000080047e4                USBD_StdItfReq
 .text.USBD_StdEPReq
                0x000000000800484c      0x138 ./Middlewares/ST/STM32_USB_Device_Library/Core/Src/usbd_ctlreq.o
                0x000000000800484c                USBD_StdEPReq
 .text.USBD_ParseSetupRequest
                0x0000000008004984       0x28 ./Middlewares/ST/STM32_USB_Device_Library/Core/Src/usbd_ctlreq.o
                0x0000000008004984                USBD_ParseSetupRequest
 .text.USBD_CtlError
                0x00000000080049ac       0x18 ./Middlewares/ST/STM32_USB_Device_Library/Core/Src/usbd_ctlreq.o
                0x00000000080049ac                USBD_CtlError
 .text.USBD_GetString
                0x00000000080049c4       0x54 ./Middlewares/ST/STM32_USB_Device_Library/Core/Src/usbd_ctlreq.o
                0x00000000080049c4                USBD_GetString
 .text.USBD_CtlSendData
                0x0000000008004a18       0x1c ./Middlewares/ST/STM32_USB_Device_Library/Core/Src/usbd_ioreq.o
                0x0000000008004a18                USBD_CtlSendData
 .text.USBD_CtlContinueSendData
                0x0000000008004a34       0x14 ./Middlewares/ST/STM32_USB_Device_Library/Core/Src/usbd_ioreq.o
                0x0000000008004a34                USBD_CtlContinueSendData
 .text.USBD_CtlPrepareRx
                0x0000000008004a48       0x1c ./Middlewares/ST/STM32_USB_Device_Library/Core/Src/usbd_ioreq.o
                0x0000000008004a48                USBD_CtlPrepareRx
 .text.USBD_CtlContinueRx
                0x0000000008004a64       0x14 ./Middlewares/ST/STM32_USB_Device_Library/Core/Src/usbd_ioreq.o
                0x0000000008004a64                USBD_CtlContinueRx
 .text.USBD_CtlSendStatus
                0x0000000008004a78       0x18 ./Middlewares/ST/STM32_USB_Device_Library/Core/Src/usbd_ioreq.o
                0x0000000008004a78                USBD_CtlSendStatus
 .text.USBD_CtlReceiveStatus
                0x0000000008004a90       0x18 ./Middlewares/ST/STM32_USB_Device_Library/Core/Src/usbd_ioreq.o
                0x0000000008004a90                USBD_CtlReceiveStatus
 .text.SendGovnoReport
                0x0000000008004aa8       0x10 ./USB_DEVICE/App/usb_device.o
                0x0000000008004aa8                SendGovnoReport
 .text.MX_USB_DEVICE_Init
                0x0000000008004ab8       0x74 ./USB_DEVICE/App/usb_device.o
                0x0000000008004ab8                MX_USB_DEVICE_Init
 .text.CUSTOM_HID_Init_FS
                0x0000000008004b2c        0x4 ./USB_DEVICE/App/usbd_custom_hid_if.o
 .text.CUSTOM_HID_OutEvent_FS
                0x0000000008004b30        0x4 ./USB_DEVICE/App/usbd_custom_hid_if.o
 .text.CUSTOM_HID_DeInit_FS
                0x0000000008004b34        0x4 ./USB_DEVICE/App/usbd_custom_hid_if.o
 .text.USBD_FS_DeviceDescriptor
                0x0000000008004b38        0xc ./USB_DEVICE/App/usbd_desc.o
                0x0000000008004b38                USBD_FS_DeviceDescriptor
 .text.USBD_FS_LangIDStrDescriptor
                0x0000000008004b44        0xc ./USB_DEVICE/App/usbd_desc.o
                0x0000000008004b44                USBD_FS_LangIDStrDescriptor
 .text.USBD_FS_ManufacturerStrDescriptor
                0x0000000008004b50       0x1c ./USB_DEVICE/App/usbd_desc.o
                0x0000000008004b50                USBD_FS_ManufacturerStrDescriptor
 .text.USBD_FS_ProductStrDescriptor
                0x0000000008004b6c       0x1c ./USB_DEVICE/App/usbd_desc.o
                0x0000000008004b6c                USBD_FS_ProductStrDescriptor
 .text.USBD_FS_ConfigStrDescriptor
                0x0000000008004b88       0x1c ./USB_DEVICE/App/usbd_desc.o
                0x0000000008004b88                USBD_FS_ConfigStrDescriptor
 .text.USBD_FS_InterfaceStrDescriptor
                0x0000000008004ba4       0x1c ./USB_DEVICE/App/usbd_desc.o
                0x0000000008004ba4                USBD_FS_InterfaceStrDescriptor
 .text.USBD_FS_SerialStrDescriptor
                0x0000000008004bc0      0x120 ./USB_DEVICE/App/usbd_desc.o
                0x0000000008004bc0                USBD_FS_SerialStrDescriptor
 .text.HAL_PCD_MspInit
                0x0000000008004ce0       0x40 ./USB_DEVICE/Target/usbd_conf.o
                0x0000000008004ce0                HAL_PCD_MspInit
 .text.HAL_PCD_SetupStageCallback
                0x0000000008004d20       0x10 ./USB_DEVICE/Target/usbd_conf.o
                0x0000000008004d20                HAL_PCD_SetupStageCallback
 .text.HAL_PCD_DataOutStageCallback
                0x0000000008004d30       0x14 ./USB_DEVICE/Target/usbd_conf.o
                0x0000000008004d30                HAL_PCD_DataOutStageCallback
 .text.HAL_PCD_DataInStageCallback
                0x0000000008004d44       0x14 ./USB_DEVICE/Target/usbd_conf.o
                0x0000000008004d44                HAL_PCD_DataInStageCallback
 .text.HAL_PCD_SOFCallback
                0x0000000008004d58        0x8 ./USB_DEVICE/Target/usbd_conf.o
                0x0000000008004d58                HAL_PCD_SOFCallback
 .text.HAL_PCD_ResetCallback
                0x0000000008004d60       0x24 ./USB_DEVICE/Target/usbd_conf.o
                0x0000000008004d60                HAL_PCD_ResetCallback
 .text.HAL_PCD_SuspendCallback
                0x0000000008004d84       0x20 ./USB_DEVICE/Target/usbd_conf.o
                0x0000000008004d84                HAL_PCD_SuspendCallback
 .text.HAL_PCD_ResumeCallback
                0x0000000008004da4        0x8 ./USB_DEVICE/Target/usbd_conf.o
                0x0000000008004da4                HAL_PCD_ResumeCallback
 .text.USBD_LL_Init
                0x0000000008004dac       0x74 ./USB_DEVICE/Target/usbd_conf.o
                0x0000000008004dac                USBD_LL_Init
 .text.USBD_LL_Start
                0x0000000008004e20       0x1c ./USB_DEVICE/Target/usbd_conf.o
                0x0000000008004e20                USBD_LL_Start
 .text.USBD_LL_OpenEP
                0x0000000008004e3c       0x20 ./USB_DEVICE/Target/usbd_conf.o
                0x0000000008004e3c                USBD_LL_OpenEP
 .text.USBD_LL_CloseEP
                0x0000000008004e5c       0x1c ./USB_DEVICE/Target/usbd_conf.o
                0x0000000008004e5c                USBD_LL_CloseEP
 .text.USBD_LL_StallEP
                0x0000000008004e78       0x1c ./USB_DEVICE/Target/usbd_conf.o
                0x0000000008004e78                USBD_LL_StallEP
 .text.USBD_LL_ClearStallEP
                0x0000000008004e94       0x1c ./USB_DEVICE/Target/usbd_conf.o
                0x0000000008004e94                USBD_LL_ClearStallEP
 .text.USBD_LL_IsStallEP
                0x0000000008004eb0       0x28 ./USB_DEVICE/Target/usbd_conf.o
                0x0000000008004eb0                USBD_LL_IsStallEP
 .text.USBD_LL_SetUSBAddress
                0x0000000008004ed8       0x1c ./USB_DEVICE/Target/usbd_conf.o
                0x0000000008004ed8                USBD_LL_SetUSBAddress
 .text.USBD_LL_Transmit
                0x0000000008004ef4       0x1c ./USB_DEVICE/Target/usbd_conf.o
                0x0000000008004ef4                USBD_LL_Transmit
 .text.USBD_LL_PrepareReceive
                0x0000000008004f10       0x1c ./USB_DEVICE/Target/usbd_conf.o
                0x0000000008004f10                USBD_LL_PrepareReceive
 .text.USBD_static_malloc
                0x0000000008004f2c        0x8 ./USB_DEVICE/Target/usbd_conf.o
                0x0000000008004f2c                USBD_static_malloc
 .text.USBD_static_free
                0x0000000008004f34        0x4 ./USB_DEVICE/Target/usbd_conf.o
                0x0000000008004f34                USBD_static_free
 .text.HAL_PCDEx_SetConnectionState
                0x0000000008004f38        0x4 ./USB_DEVICE/Target/usbd_conf.o
                0x0000000008004f38                HAL_PCDEx_SetConnectionState
 .text.__libc_init_array
                0x0000000008004f3c       0x48 c:/st/stm32cubeide_1.9.0/stm32cubeide/plugins/com.st.stm32cube.ide.mcu.externaltools.gnu-tools-for-stm32.10.3-2021.10.win32_1.0.0.202111181127/tools/bin/../lib/gcc/arm-none-eabi/10.3.1/../../../../arm-none-eabi/lib/thumb/v7-m/nofp\libc_nano.a(lib_a-init.o)
                0x0000000008004f3c                __libc_init_array
 *(.glue_7)
 .glue_7        0x0000000008004f84        0x0 linker stubs
 *(.glue_7t)
 .glue_7t       0x0000000008004f84        0x0 linker stubs
 *(.eh_frame)
 .eh_frame      0x0000000008004f84        0x0 c:/st/stm32cubeide_1.9.0/stm32cubeide/plugins/com.st.stm32cube.ide.mcu.externaltools.gnu-tools-for-stm32.10.3-2021.10.win32_1.0.0.202111181127/tools/bin/../lib/gcc/arm-none-eabi/10.3.1/thumb/v7-m/nofp/crtbegin.o
 *(.init)
 .init          0x0000000008004f84        0x4 c:/st/stm32cubeide_1.9.0/stm32cubeide/plugins/com.st.stm32cube.ide.mcu.externaltools.gnu-tools-for-stm32.10.3-2021.10.win32_1.0.0.202111181127/tools/bin/../lib/gcc/arm-none-eabi/10.3.1/thumb/v7-m/nofp/crti.o
                0x0000000008004f84                _init
 .init          0x0000000008004f88        0x8 c:/st/stm32cubeide_1.9.0/stm32cubeide/plugins/com.st.stm32cube.ide.mcu.externaltools.gnu-tools-for-stm32.10.3-2021.10.win32_1.0.0.202111181127/tools/bin/../lib/gcc/arm-none-eabi/10.3.1/thumb/v7-m/nofp/crtn.o
 *(.fini)
 .fini          0x0000000008004f90        0x4 c:/st/stm32cubeide_1.9.0/stm32cubeide/plugins/com.st.stm32cube.ide.mcu.externaltools.gnu-tools-for-stm32.10.3-2021.10.win32_1.0.0.202111181127/tools/bin/../lib/gcc/arm-none-eabi/10.3.1/thumb/v7-m/nofp/crti.o
                0x0000000008004f90                _fini
 .fini          0x0000000008004f94        0x8 c:/st/stm32cubeide_1.9.0/stm32cubeide/plugins/com.st.stm32cube.ide.mcu.externaltools.gnu-tools-for-stm32.10.3-2021.10.win32_1.0.0.202111181127/tools/bin/../lib/gcc/arm-none-eabi/10.3.1/thumb/v7-m/nofp/crtn.o
                0x0000000008004f9c                . = ALIGN (0x4)
                0x0000000008004f9c                _etext = .

.vfp11_veneer   0x0000000008004f9c        0x0
 .vfp11_veneer  0x0000000008004f9c        0x0 linker stubs

.v4_bx          0x0000000008004f9c        0x0
 .v4_bx         0x0000000008004f9c        0x0 linker stubs

.iplt           0x0000000008004f9c        0x0
 .iplt          0x0000000008004f9c        0x0 c:/st/stm32cubeide_1.9.0/stm32cubeide/plugins/com.st.stm32cube.ide.mcu.externaltools.gnu-tools-for-stm32.10.3-2021.10.win32_1.0.0.202111181127/tools/bin/../lib/gcc/arm-none-eabi/10.3.1/thumb/v7-m/nofp/crtbegin.o

.rodata         0x0000000008004f9c       0xa4
                0x0000000008004f9c                . = ALIGN (0x4)
 *(.rodata)
 *(.rodata*)
 .rodata.AHBPrescTable
                0x0000000008004f9c       0x10 ./Core/Src/system_stm32f1xx.o
                0x0000000008004f9c                AHBPrescTable
 .rodata.APBPrescTable
                0x0000000008004fac        0x8 ./Core/Src/system_stm32f1xx.o
                0x0000000008004fac                APBPrescTable
 .rodata.aPLLMULFactorTable.1
                0x0000000008004fb4       0x10 ./Drivers/STM32F1xx_HAL_Driver/Src/stm32f1xx_hal_rcc.o
 .rodata.aPredivFactorTable.0
                0x0000000008004fc4        0x2 ./Drivers/STM32F1xx_HAL_Driver/Src/stm32f1xx_hal_rcc.o
 *fill*         0x0000000008004fc6        0x2 
 .rodata.aPLLMULFactorTable.1
                0x0000000008004fc8       0x10 ./Drivers/STM32F1xx_HAL_Driver/Src/stm32f1xx_hal_rcc_ex.o
 .rodata.aPredivFactorTable.0
                0x0000000008004fd8        0x2 ./Drivers/STM32F1xx_HAL_Driver/Src/stm32f1xx_hal_rcc_ex.o
 *fill*         0x0000000008004fda        0x2 
 .rodata.USBD_FS_ManufacturerStrDescriptor.str1.4
                0x0000000008004fdc       0x13 ./USB_DEVICE/App/usbd_desc.o
 *fill*         0x0000000008004fef        0x1 
 .rodata.USBD_FS_ProductStrDescriptor.str1.4
                0x0000000008004ff0       0x1e ./USB_DEVICE/App/usbd_desc.o
 *fill*         0x000000000800500e        0x2 
 .rodata.USBD_FS_ConfigStrDescriptor.str1.4
                0x0000000008005010       0x12 ./USB_DEVICE/App/usbd_desc.o
 *fill*         0x0000000008005022        0x2 
 .rodata.USBD_FS_InterfaceStrDescriptor.str1.4
                0x0000000008005024       0x15 ./USB_DEVICE/App/usbd_desc.o
 *fill*         0x0000000008005039        0x3 
 .rodata.CSWTCH.3
                0x000000000800503c        0x4 ./USB_DEVICE/Target/usbd_conf.o
                0x0000000008005040                . = ALIGN (0x4)

.rel.dyn        0x0000000008005040        0x0
 .rel.iplt      0x0000000008005040        0x0 c:/st/stm32cubeide_1.9.0/stm32cubeide/plugins/com.st.stm32cube.ide.mcu.externaltools.gnu-tools-for-stm32.10.3-2021.10.win32_1.0.0.202111181127/tools/bin/../lib/gcc/arm-none-eabi/10.3.1/thumb/v7-m/nofp/crtbegin.o

.ARM.extab      0x0000000008005040        0x0
                0x0000000008005040                . = ALIGN (0x4)
 *(.ARM.extab* .gnu.linkonce.armextab.*)
                0x0000000008005040                . = ALIGN (0x4)

.ARM            0x0000000008005040        0x0
                0x0000000008005040                . = ALIGN (0x4)
                0x0000000008005040                __exidx_start = .
 *(.ARM.exidx*)
                0x0000000008005040                __exidx_end = .
                0x0000000008005040                . = ALIGN (0x4)

.preinit_array  0x0000000008005040        0x0
                0x0000000008005040                . = ALIGN (0x4)
                0x0000000008005040                PROVIDE (__preinit_array_start = .)
 *(.preinit_array*)
                0x0000000008005040                PROVIDE (__preinit_array_end = .)
                0x0000000008005040                . = ALIGN (0x4)

.init_array     0x0000000008005040        0x4
                0x0000000008005040                . = ALIGN (0x4)
                0x0000000008005040                PROVIDE (__init_array_start = .)
 *(SORT_BY_NAME(.init_array.*))
 *(.init_array*)
 .init_array    0x0000000008005040        0x4 c:/st/stm32cubeide_1.9.0/stm32cubeide/plugins/com.st.stm32cube.ide.mcu.externaltools.gnu-tools-for-stm32.10.3-2021.10.win32_1.0.0.202111181127/tools/bin/../lib/gcc/arm-none-eabi/10.3.1/thumb/v7-m/nofp/crtbegin.o
                0x0000000008005044                PROVIDE (__init_array_end = .)
                0x0000000008005044                . = ALIGN (0x4)

.fini_array     0x0000000008005044        0x4
                0x0000000008005044                . = ALIGN (0x4)
                [!provide]                        PROVIDE (__fini_array_start = .)
 *(SORT_BY_NAME(.fini_array.*))
 *(.fini_array*)
 .fini_array    0x0000000008005044        0x4 c:/st/stm32cubeide_1.9.0/stm32cubeide/plugins/com.st.stm32cube.ide.mcu.externaltools.gnu-tools-for-stm32.10.3-2021.10.win32_1.0.0.202111181127/tools/bin/../lib/gcc/arm-none-eabi/10.3.1/thumb/v7-m/nofp/crtbegin.o
                [!provide]                        PROVIDE (__fini_array_end = .)
                0x0000000008005048                . = ALIGN (0x4)
                0x0000000008005048                _sidata = LOADADDR (.data)

.data           0x0000000020000000      0x164 load address 0x0000000008005048
                0x0000000020000000                . = ALIGN (0x4)
                0x0000000020000000                _sdata = .
 *(.data)
 *(.data*)
 .data.SystemCoreClock
                0x0000000020000000        0x4 ./Core/Src/system_stm32f1xx.o
                0x0000000020000000                SystemCoreClock
 .data.uwTickFreq
                0x0000000020000004        0x1 ./Drivers/STM32F1xx_HAL_Driver/Src/stm32f1xx_hal.o
                0x0000000020000004                uwTickFreq
 *fill*         0x0000000020000005        0x3 
 .data.uwTickPrio
                0x0000000020000008        0x4 ./Drivers/STM32F1xx_HAL_Driver/Src/stm32f1xx_hal.o
                0x0000000020000008                uwTickPrio
 .data.USBD_CUSTOM_HID
                0x000000002000000c       0x38 ./Middlewares/ST/STM32_USB_Device_Library/Class/CustomHID/Src/usbd_customhid.o
                0x000000002000000c                USBD_CUSTOM_HID
 .data.USBD_CUSTOM_HID_CfgFSDesc
                0x0000000020000044       0x29 ./Middlewares/ST/STM32_USB_Device_Library/Class/CustomHID/Src/usbd_customhid.o
 *fill*         0x000000002000006d        0x3 
 .data.USBD_CUSTOM_HID_CfgHSDesc
                0x0000000020000070       0x29 ./Middlewares/ST/STM32_USB_Device_Library/Class/CustomHID/Src/usbd_customhid.o
 *fill*         0x0000000020000099        0x3 
 .data.USBD_CUSTOM_HID_Desc
                0x000000002000009c        0x9 ./Middlewares/ST/STM32_USB_Device_Library/Class/CustomHID/Src/usbd_customhid.o
 *fill*         0x00000000200000a5        0x3 
 .data.USBD_CUSTOM_HID_DeviceQualifierDesc
                0x00000000200000a8        0xa ./Middlewares/ST/STM32_USB_Device_Library/Class/CustomHID/Src/usbd_customhid.o
 *fill*         0x00000000200000b2        0x2 
 .data.USBD_CUSTOM_HID_OtherSpeedCfgDesc
                0x00000000200000b4       0x29 ./Middlewares/ST/STM32_USB_Device_Library/Class/CustomHID/Src/usbd_customhid.o
 *fill*         0x00000000200000dd        0x3 
 .data.CUSTOM_HID_ReportDesc_FS
                0x00000000200000e0       0x21 ./USB_DEVICE/App/usbd_custom_hid_if.o
 *fill*         0x0000000020000101        0x3 
 .data.USBD_CustomHID_fops_FS
                0x0000000020000104       0x10 ./USB_DEVICE/App/usbd_custom_hid_if.o
                0x0000000020000104                USBD_CustomHID_fops_FS
 .data.FS_Desc  0x0000000020000114       0x1c ./USB_DEVICE/App/usbd_desc.o
                0x0000000020000114                FS_Desc
 .data.USBD_FS_DeviceDesc
                0x0000000020000130       0x12 ./USB_DEVICE/App/usbd_desc.o
                0x0000000020000130                USBD_FS_DeviceDesc
 *fill*         0x0000000020000142        0x2 
 .data.USBD_LangIDDesc
                0x0000000020000144        0x4 ./USB_DEVICE/App/usbd_desc.o
                0x0000000020000144                USBD_LangIDDesc
 .data.USBD_StringSerial
                0x0000000020000148       0x1a ./USB_DEVICE/App/usbd_desc.o
                0x0000000020000148                USBD_StringSerial
 *(.RamFunc)
 *(.RamFunc*)
                0x0000000020000164                . = ALIGN (0x4)
 *fill*         0x0000000020000162        0x2 
                0x0000000020000164                _edata = .

.igot.plt       0x0000000020000164        0x0 load address 0x00000000080051ac
 .igot.plt      0x0000000020000164        0x0 c:/st/stm32cubeide_1.9.0/stm32cubeide/plugins/com.st.stm32cube.ide.mcu.externaltools.gnu-tools-for-stm32.10.3-2021.10.win32_1.0.0.202111181127/tools/bin/../lib/gcc/arm-none-eabi/10.3.1/thumb/v7-m/nofp/crtbegin.o
                0x0000000020000164                . = ALIGN (0x4)

.bss            0x0000000020000168      0x8c4 load address 0x00000000080051ac
                0x0000000020000168                _sbss = .
                0x0000000020000168                __bss_start__ = _sbss
 *(.bss)
 .bss           0x0000000020000168       0x1c c:/st/stm32cubeide_1.9.0/stm32cubeide/plugins/com.st.stm32cube.ide.mcu.externaltools.gnu-tools-for-stm32.10.3-2021.10.win32_1.0.0.202111181127/tools/bin/../lib/gcc/arm-none-eabi/10.3.1/thumb/v7-m/nofp/crtbegin.o
 *(.bss*)
 .bss.hadc1     0x0000000020000184       0x30 ./Core/Src/main.o
                0x0000000020000184                hadc1
 .bss.hdma_adc1
                0x00000000200001b4       0x44 ./Core/Src/main.o
                0x00000000200001b4                hdma_adc1
 .bss.potentiometers
                0x00000000200001f8       0x30 ./Core/Src/main.o
                0x00000000200001f8                potentiometers
 .bss.reportDescriptor
                0x0000000020000228        0x6 ./Core/Src/main.o
                0x0000000020000228                reportDescriptor
 *fill*         0x000000002000022e        0x2 
 .bss.uwTick    0x0000000020000230        0x4 ./Drivers/STM32F1xx_HAL_Driver/Src/stm32f1xx_hal.o
                0x0000000020000230                uwTick
 .bss.cfgidx.0  0x0000000020000234        0x1 ./Middlewares/ST/STM32_USB_Device_Library/Core/Src/usbd_ctlreq.o
 *fill*         0x0000000020000235        0x3 
 .bss.hUsbDeviceFS
                0x0000000020000238      0x2c4 ./USB_DEVICE/App/usb_device.o
                0x0000000020000238                hUsbDeviceFS
 .bss.USBD_StrDesc
                0x00000000200004fc      0x200 ./USB_DEVICE/App/usbd_desc.o
                0x00000000200004fc                USBD_StrDesc
 .bss.hpcd_USB_FS
                0x00000000200006fc      0x2d8 ./USB_DEVICE/Target/usbd_conf.o
                0x00000000200006fc                hpcd_USB_FS
 .bss.mem.0     0x00000000200009d4       0x58 ./USB_DEVICE/Target/usbd_conf.o
 *(COMMON)
                0x0000000020000a2c                . = ALIGN (0x4)
                0x0000000020000a2c                _ebss = .
                0x0000000020000a2c                __bss_end__ = _ebss

._user_heap_stack
                0x0000000020000a2c      0x604 load address 0x00000000080051ac
                0x0000000020000a30                . = ALIGN (0x8)
 *fill*         0x0000000020000a2c        0x4 
                [!provide]                        PROVIDE (end = .)
                0x0000000020000a30                PROVIDE (_end = .)
                0x0000000020000c30                . = (. + _Min_Heap_Size)
 *fill*         0x0000000020000a30      0x200 
                0x0000000020001030                . = (. + _Min_Stack_Size)
 *fill*         0x0000000020000c30      0x400 
                0x0000000020001030                . = ALIGN (0x8)

/DISCARD/
 libc.a(*)
 libm.a(*)
 libgcc.a(*)

.ARM.attributes
                0x0000000000000000       0x29
 *(.ARM.attributes)
 .ARM.attributes
                0x0000000000000000       0x1d c:/st/stm32cubeide_1.9.0/stm32cubeide/plugins/com.st.stm32cube.ide.mcu.externaltools.gnu-tools-for-stm32.10.3-2021.10.win32_1.0.0.202111181127/tools/bin/../lib/gcc/arm-none-eabi/10.3.1/thumb/v7-m/nofp/crti.o
 .ARM.attributes
                0x000000000000001d       0x2d c:/st/stm32cubeide_1.9.0/stm32cubeide/plugins/com.st.stm32cube.ide.mcu.externaltools.gnu-tools-for-stm32.10.3-2021.10.win32_1.0.0.202111181127/tools/bin/../lib/gcc/arm-none-eabi/10.3.1/thumb/v7-m/nofp/crtbegin.o
 .ARM.attributes
                0x000000000000004a       0x2d ./Core/Src/main.o
 .ARM.attributes
                0x0000000000000077       0x2d ./Core/Src/stm32f1xx_hal_msp.o
 .ARM.attributes
                0x00000000000000a4       0x2d ./Core/Src/stm32f1xx_it.o
 .ARM.attributes
                0x00000000000000d1       0x2d ./Core/Src/system_stm32f1xx.o
 .ARM.attributes
                0x00000000000000fe       0x21 ./Core/Startup/startup_stm32f103c6tx.o
 .ARM.attributes
                0x000000000000011f       0x2d ./Drivers/STM32F1xx_HAL_Driver/Src/stm32f1xx_hal.o
 .ARM.attributes
                0x000000000000014c       0x2d ./Drivers/STM32F1xx_HAL_Driver/Src/stm32f1xx_hal_adc.o
 .ARM.attributes
                0x0000000000000179       0x2d ./Drivers/STM32F1xx_HAL_Driver/Src/stm32f1xx_hal_cortex.o
 .ARM.attributes
                0x00000000000001a6       0x2d ./Drivers/STM32F1xx_HAL_Driver/Src/stm32f1xx_hal_dma.o
 .ARM.attributes
                0x00000000000001d3       0x2d ./Drivers/STM32F1xx_HAL_Driver/Src/stm32f1xx_hal_gpio.o
 .ARM.attributes
                0x0000000000000200       0x2d ./Drivers/STM32F1xx_HAL_Driver/Src/stm32f1xx_hal_pcd.o
 .ARM.attributes
                0x000000000000022d       0x2d ./Drivers/STM32F1xx_HAL_Driver/Src/stm32f1xx_hal_pcd_ex.o
 .ARM.attributes
                0x000000000000025a       0x2d ./Drivers/STM32F1xx_HAL_Driver/Src/stm32f1xx_hal_rcc.o
 .ARM.attributes
                0x0000000000000287       0x2d ./Drivers/STM32F1xx_HAL_Driver/Src/stm32f1xx_hal_rcc_ex.o
 .ARM.attributes
                0x00000000000002b4       0x2d ./Drivers/STM32F1xx_HAL_Driver/Src/stm32f1xx_ll_usb.o
 .ARM.attributes
                0x00000000000002e1       0x2d ./Middlewares/ST/STM32_USB_Device_Library/Class/CustomHID/Src/usbd_customhid.o
 .ARM.attributes
                0x000000000000030e       0x2d ./Middlewares/ST/STM32_USB_Device_Library/Core/Src/usbd_core.o
 .ARM.attributes
                0x000000000000033b       0x2d ./Middlewares/ST/STM32_USB_Device_Library/Core/Src/usbd_ctlreq.o
 .ARM.attributes
                0x0000000000000368       0x2d ./Middlewares/ST/STM32_USB_Device_Library/Core/Src/usbd_ioreq.o
 .ARM.attributes
                0x0000000000000395       0x2d ./USB_DEVICE/App/usb_device.o
 .ARM.attributes
                0x00000000000003c2       0x2d ./USB_DEVICE/App/usbd_custom_hid_if.o
 .ARM.attributes
                0x00000000000003ef       0x2d ./USB_DEVICE/App/usbd_desc.o
 .ARM.attributes
                0x000000000000041c       0x2d ./USB_DEVICE/Target/usbd_conf.o
 .ARM.attributes
                0x0000000000000449       0x2d c:/st/stm32cubeide_1.9.0/stm32cubeide/plugins/com.st.stm32cube.ide.mcu.externaltools.gnu-tools-for-stm32.10.3-2021.10.win32_1.0.0.202111181127/tools/bin/../lib/gcc/arm-none-eabi/10.3.1/../../../../arm-none-eabi/lib/thumb/v7-m/nofp\libc_nano.a(lib_a-init.o)
 .ARM.attributes
                0x0000000000000476       0x1d c:/st/stm32cubeide_1.9.0/stm32cubeide/plugins/com.st.stm32cube.ide.mcu.externaltools.gnu-tools-for-stm32.10.3-2021.10.win32_1.0.0.202111181127/tools/bin/../lib/gcc/arm-none-eabi/10.3.1/thumb/v7-m/nofp\libgcc.a(_arm_addsubdf3.o)
 .ARM.attributes
                0x0000000000000493       0x1d c:/st/stm32cubeide_1.9.0/stm32cubeide/plugins/com.st.stm32cube.ide.mcu.externaltools.gnu-tools-for-stm32.10.3-2021.10.win32_1.0.0.202111181127/tools/bin/../lib/gcc/arm-none-eabi/10.3.1/thumb/v7-m/nofp\libgcc.a(_arm_muldivdf3.o)
 .ARM.attributes
                0x00000000000004b0       0x1d c:/st/stm32cubeide_1.9.0/stm32cubeide/plugins/com.st.stm32cube.ide.mcu.externaltools.gnu-tools-for-stm32.10.3-2021.10.win32_1.0.0.202111181127/tools/bin/../lib/gcc/arm-none-eabi/10.3.1/thumb/v7-m/nofp\libgcc.a(_arm_cmpdf2.o)
 .ARM.attributes
                0x00000000000004cd       0x1d c:/st/stm32cubeide_1.9.0/stm32cubeide/plugins/com.st.stm32cube.ide.mcu.externaltools.gnu-tools-for-stm32.10.3-2021.10.win32_1.0.0.202111181127/tools/bin/../lib/gcc/arm-none-eabi/10.3.1/thumb/v7-m/nofp\libgcc.a(_arm_fixdfsi.o)
 .ARM.attributes
                0x00000000000004ea       0x1d c:/st/stm32cubeide_1.9.0/stm32cubeide/plugins/com.st.stm32cube.ide.mcu.externaltools.gnu-tools-for-stm32.10.3-2021.10.win32_1.0.0.202111181127/tools/bin/../lib/gcc/arm-none-eabi/10.3.1/thumb/v7-m/nofp\libgcc.a(_arm_fixunsdfsi.o)
 .ARM.attributes
                0x0000000000000507       0x1d c:/st/stm32cubeide_1.9.0/stm32cubeide/plugins/com.st.stm32cube.ide.mcu.externaltools.gnu-tools-for-stm32.10.3-2021.10.win32_1.0.0.202111181127/tools/bin/../lib/gcc/arm-none-eabi/10.3.1/thumb/v7-m/nofp/crtn.o
OUTPUT(PedalleR.elf elf32-littlearm)
LOAD linker stubs
LOAD c:/st/stm32cubeide_1.9.0/stm32cubeide/plugins/com.st.stm32cube.ide.mcu.externaltools.gnu-tools-for-stm32.10.3-2021.10.win32_1.0.0.202111181127/tools/bin/../lib/gcc/arm-none-eabi/10.3.1/../../../../arm-none-eabi/lib/thumb/v7-m/nofp\libc.a
LOAD c:/st/stm32cubeide_1.9.0/stm32cubeide/plugins/com.st.stm32cube.ide.mcu.externaltools.gnu-tools-for-stm32.10.3-2021.10.win32_1.0.0.202111181127/tools/bin/../lib/gcc/arm-none-eabi/10.3.1/../../../../arm-none-eabi/lib/thumb/v7-m/nofp\libm.a
LOAD c:/st/stm32cubeide_1.9.0/stm32cubeide/plugins/com.st.stm32cube.ide.mcu.externaltools.gnu-tools-for-stm32.10.3-2021.10.win32_1.0.0.202111181127/tools/bin/../lib/gcc/arm-none-eabi/10.3.1/thumb/v7-m/nofp\libgcc.a

.debug_info     0x0000000000000000    0x116ec
 .debug_info    0x0000000000000000     0x160e ./Core/Src/main.o
 .debug_info    0x000000000000160e      0x8e7 ./Core/Src/stm32f1xx_hal_msp.o
 .debug_info    0x0000000000001ef5      0x8b9 ./Core/Src/stm32f1xx_it.o
 .debug_info    0x00000000000027ae      0x24c ./Core/Src/system_stm32f1xx.o
 .debug_info    0x00000000000029fa       0x22 ./Core/Startup/startup_stm32f103c6tx.o
 .debug_info    0x0000000000002a1c      0x7ea ./Drivers/STM32F1xx_HAL_Driver/Src/stm32f1xx_hal.o
 .debug_info    0x0000000000003206     0x11c0 ./Drivers/STM32F1xx_HAL_Driver/Src/stm32f1xx_hal_adc.o
 .debug_info    0x00000000000043c6      0xd5c ./Drivers/STM32F1xx_HAL_Driver/Src/stm32f1xx_hal_cortex.o
 .debug_info    0x0000000000005122      0x868 ./Drivers/STM32F1xx_HAL_Driver/Src/stm32f1xx_hal_dma.o
 .debug_info    0x000000000000598a      0x66f ./Drivers/STM32F1xx_HAL_Driver/Src/stm32f1xx_hal_gpio.o
 .debug_info    0x0000000000005ff9     0x1fca ./Drivers/STM32F1xx_HAL_Driver/Src/stm32f1xx_hal_pcd.o
 .debug_info    0x0000000000007fc3      0x729 ./Drivers/STM32F1xx_HAL_Driver/Src/stm32f1xx_hal_pcd_ex.o
 .debug_info    0x00000000000086ec      0xafc ./Drivers/STM32F1xx_HAL_Driver/Src/stm32f1xx_hal_rcc.o
 .debug_info    0x00000000000091e8      0x445 ./Drivers/STM32F1xx_HAL_Driver/Src/stm32f1xx_hal_rcc_ex.o
 .debug_info    0x000000000000962d     0x1eaf ./Drivers/STM32F1xx_HAL_Driver/Src/stm32f1xx_ll_usb.o
 .debug_info    0x000000000000b4dc      0xd01 ./Middlewares/ST/STM32_USB_Device_Library/Class/CustomHID/Src/usbd_customhid.o
 .debug_info    0x000000000000c1dd      0xe53 ./Middlewares/ST/STM32_USB_Device_Library/Core/Src/usbd_core.o
 .debug_info    0x000000000000d030      0xfc3 ./Middlewares/ST/STM32_USB_Device_Library/Core/Src/usbd_ctlreq.o
 .debug_info    0x000000000000dff3      0x82a ./Middlewares/ST/STM32_USB_Device_Library/Core/Src/usbd_ioreq.o
 .debug_info    0x000000000000e81d      0x798 ./USB_DEVICE/App/usb_device.o
 .debug_info    0x000000000000efb5      0x1ea ./USB_DEVICE/App/usbd_custom_hid_if.o
 .debug_info    0x000000000000f19f      0x690 ./USB_DEVICE/App/usbd_desc.o
 .debug_info    0x000000000000f82f     0x1ebd ./USB_DEVICE/Target/usbd_conf.o

.debug_abbrev   0x0000000000000000     0x381c
 .debug_abbrev  0x0000000000000000      0x3a7 ./Core/Src/main.o
 .debug_abbrev  0x00000000000003a7      0x221 ./Core/Src/stm32f1xx_hal_msp.o
 .debug_abbrev  0x00000000000005c8      0x1e6 ./Core/Src/stm32f1xx_it.o
 .debug_abbrev  0x00000000000007ae      0x141 ./Core/Src/system_stm32f1xx.o
 .debug_abbrev  0x00000000000008ef       0x12 ./Core/Startup/startup_stm32f103c6tx.o
 .debug_abbrev  0x0000000000000901      0x277 ./Drivers/STM32F1xx_HAL_Driver/Src/stm32f1xx_hal.o
 .debug_abbrev  0x0000000000000b78      0x323 ./Drivers/STM32F1xx_HAL_Driver/Src/stm32f1xx_hal_adc.o
 .debug_abbrev  0x0000000000000e9b      0x349 ./Drivers/STM32F1xx_HAL_Driver/Src/stm32f1xx_hal_cortex.o
 .debug_abbrev  0x00000000000011e4      0x25f ./Drivers/STM32F1xx_HAL_Driver/Src/stm32f1xx_hal_dma.o
 .debug_abbrev  0x0000000000001443      0x1e7 ./Drivers/STM32F1xx_HAL_Driver/Src/stm32f1xx_hal_gpio.o
 .debug_abbrev  0x000000000000162a      0x3ef ./Drivers/STM32F1xx_HAL_Driver/Src/stm32f1xx_hal_pcd.o
 .debug_abbrev  0x0000000000001a19      0x1c8 ./Drivers/STM32F1xx_HAL_Driver/Src/stm32f1xx_hal_pcd_ex.o
 .debug_abbrev  0x0000000000001be1      0x33a ./Drivers/STM32F1xx_HAL_Driver/Src/stm32f1xx_hal_rcc.o
 .debug_abbrev  0x0000000000001f1b      0x1d3 ./Drivers/STM32F1xx_HAL_Driver/Src/stm32f1xx_hal_rcc_ex.o
 .debug_abbrev  0x00000000000020ee      0x2d3 ./Drivers/STM32F1xx_HAL_Driver/Src/stm32f1xx_ll_usb.o
 .debug_abbrev  0x00000000000023c1      0x2a0 ./Middlewares/ST/STM32_USB_Device_Library/Class/CustomHID/Src/usbd_customhid.o
 .debug_abbrev  0x0000000000002661      0x300 ./Middlewares/ST/STM32_USB_Device_Library/Core/Src/usbd_core.o
 .debug_abbrev  0x0000000000002961      0x38f ./Middlewares/ST/STM32_USB_Device_Library/Core/Src/usbd_ctlreq.o
 .debug_abbrev  0x0000000000002cf0      0x1ae ./Middlewares/ST/STM32_USB_Device_Library/Core/Src/usbd_ioreq.o
 .debug_abbrev  0x0000000000002e9e      0x1f3 ./USB_DEVICE/App/usb_device.o
 .debug_abbrev  0x0000000000003091      0x15b ./USB_DEVICE/App/usbd_custom_hid_if.o
 .debug_abbrev  0x00000000000031ec      0x2a3 ./USB_DEVICE/App/usbd_desc.o
 .debug_abbrev  0x000000000000348f      0x38d ./USB_DEVICE/Target/usbd_conf.o

.debug_loc      0x0000000000000000     0xacae
 .debug_loc     0x0000000000000000      0x80a ./Core/Src/main.o
 .debug_loc     0x000000000000080a       0x69 ./Core/Src/stm32f1xx_hal_msp.o
 .debug_loc     0x0000000000000873       0xe7 ./Core/Src/system_stm32f1xx.o
 .debug_loc     0x000000000000095a      0x168 ./Drivers/STM32F1xx_HAL_Driver/Src/stm32f1xx_hal.o
 .debug_loc     0x0000000000000ac2      0xfa4 ./Drivers/STM32F1xx_HAL_Driver/Src/stm32f1xx_hal_adc.o
 .debug_loc     0x0000000000001a66      0x717 ./Drivers/STM32F1xx_HAL_Driver/Src/stm32f1xx_hal_cortex.o
 .debug_loc     0x000000000000217d      0xa23 ./Drivers/STM32F1xx_HAL_Driver/Src/stm32f1xx_hal_dma.o
 .debug_loc     0x0000000000002ba0      0x42d ./Drivers/STM32F1xx_HAL_Driver/Src/stm32f1xx_hal_gpio.o
 .debug_loc     0x0000000000002fcd     0x1989 ./Drivers/STM32F1xx_HAL_Driver/Src/stm32f1xx_hal_pcd.o
 .debug_loc     0x0000000000004956       0xcb ./Drivers/STM32F1xx_HAL_Driver/Src/stm32f1xx_hal_pcd_ex.o
 .debug_loc     0x0000000000004a21      0x6ec ./Drivers/STM32F1xx_HAL_Driver/Src/stm32f1xx_hal_rcc.o
 .debug_loc     0x000000000000510d      0x3e0 ./Drivers/STM32F1xx_HAL_Driver/Src/stm32f1xx_hal_rcc_ex.o
 .debug_loc     0x00000000000054ed     0x23b2 ./Drivers/STM32F1xx_HAL_Driver/Src/stm32f1xx_ll_usb.o
 .debug_loc     0x000000000000789f      0x7b4 ./Middlewares/ST/STM32_USB_Device_Library/Class/CustomHID/Src/usbd_customhid.o
 .debug_loc     0x0000000000008053      0x8e4 ./Middlewares/ST/STM32_USB_Device_Library/Core/Src/usbd_core.o
 .debug_loc     0x0000000000008937      0xea0 ./Middlewares/ST/STM32_USB_Device_Library/Core/Src/usbd_ctlreq.o
 .debug_loc     0x00000000000097d7      0x284 ./Middlewares/ST/STM32_USB_Device_Library/Core/Src/usbd_ioreq.o
 .debug_loc     0x0000000000009a5b       0x57 ./USB_DEVICE/App/usb_device.o
 .debug_loc     0x0000000000009ab2       0x25 ./USB_DEVICE/App/usbd_custom_hid_if.o
 .debug_loc     0x0000000000009ad7      0x4d5 ./USB_DEVICE/App/usbd_desc.o
 .debug_loc     0x0000000000009fac      0xd02 ./USB_DEVICE/Target/usbd_conf.o

.debug_aranges  0x0000000000000000      0xa18
 .debug_aranges
                0x0000000000000000       0x48 ./Core/Src/main.o
 .debug_aranges
                0x0000000000000048       0x30 ./Core/Src/stm32f1xx_hal_msp.o
 .debug_aranges
                0x0000000000000078       0x60 ./Core/Src/stm32f1xx_it.o
 .debug_aranges
                0x00000000000000d8       0x28 ./Core/Src/system_stm32f1xx.o
 .debug_aranges
                0x0000000000000100       0x28 ./Core/Startup/startup_stm32f103c6tx.o
 .debug_aranges
                0x0000000000000128       0xd8 ./Drivers/STM32F1xx_HAL_Driver/Src/stm32f1xx_hal.o
 .debug_aranges
                0x0000000000000200       0xc8 ./Drivers/STM32F1xx_HAL_Driver/Src/stm32f1xx_hal_adc.o
 .debug_aranges
                0x00000000000002c8       0x90 ./Drivers/STM32F1xx_HAL_Driver/Src/stm32f1xx_hal_cortex.o
 .debug_aranges
                0x0000000000000358       0x78 ./Drivers/STM32F1xx_HAL_Driver/Src/stm32f1xx_hal_dma.o
 .debug_aranges
                0x00000000000003d0       0x58 ./Drivers/STM32F1xx_HAL_Driver/Src/stm32f1xx_hal_gpio.o
 .debug_aranges
                0x0000000000000428       0xd0 ./Drivers/STM32F1xx_HAL_Driver/Src/stm32f1xx_hal_pcd.o
 .debug_aranges
                0x00000000000004f8       0x28 ./Drivers/STM32F1xx_HAL_Driver/Src/stm32f1xx_hal_pcd_ex.o
 .debug_aranges
                0x0000000000000520       0x88 ./Drivers/STM32F1xx_HAL_Driver/Src/stm32f1xx_hal_rcc.o
 .debug_aranges
                0x00000000000005a8       0x30 ./Drivers/STM32F1xx_HAL_Driver/Src/stm32f1xx_hal_rcc_ex.o
 .debug_aranges
                0x00000000000005d8       0xd8 ./Drivers/STM32F1xx_HAL_Driver/Src/stm32f1xx_ll_usb.o
 .debug_aranges
                0x00000000000006b0       0x78 ./Middlewares/ST/STM32_USB_Device_Library/Class/CustomHID/Src/usbd_customhid.o
 .debug_aranges
                0x0000000000000728       0xa8 ./Middlewares/ST/STM32_USB_Device_Library/Core/Src/usbd_core.o
 .debug_aranges
                0x00000000000007d0       0x48 ./Middlewares/ST/STM32_USB_Device_Library/Core/Src/usbd_ctlreq.o
 .debug_aranges
                0x0000000000000818       0x50 ./Middlewares/ST/STM32_USB_Device_Library/Core/Src/usbd_ioreq.o
 .debug_aranges
                0x0000000000000868       0x28 ./USB_DEVICE/App/usb_device.o
 .debug_aranges
                0x0000000000000890       0x28 ./USB_DEVICE/App/usbd_custom_hid_if.o
 .debug_aranges
                0x00000000000008b8       0x50 ./USB_DEVICE/App/usbd_desc.o
 .debug_aranges
                0x0000000000000908      0x110 ./USB_DEVICE/Target/usbd_conf.o

.debug_ranges   0x0000000000000000     0x1ae8
 .debug_ranges  0x0000000000000000      0x2b8 ./Core/Src/main.o
 .debug_ranges  0x00000000000002b8       0x98 ./Core/Src/stm32f1xx_hal_msp.o
 .debug_ranges  0x0000000000000350       0x50 ./Core/Src/stm32f1xx_it.o
 .debug_ranges  0x00000000000003a0       0x18 ./Core/Src/system_stm32f1xx.o
 .debug_ranges  0x00000000000003b8       0x20 ./Core/Startup/startup_stm32f103c6tx.o
 .debug_ranges  0x00000000000003d8       0xc8 ./Drivers/STM32F1xx_HAL_Driver/Src/stm32f1xx_hal.o
 .debug_ranges  0x00000000000004a0      0x200 ./Drivers/STM32F1xx_HAL_Driver/Src/stm32f1xx_hal_adc.o
 .debug_ranges  0x00000000000006a0      0x180 ./Drivers/STM32F1xx_HAL_Driver/Src/stm32f1xx_hal_cortex.o
 .debug_ranges  0x0000000000000820       0xa8 ./Drivers/STM32F1xx_HAL_Driver/Src/stm32f1xx_hal_dma.o
 .debug_ranges  0x00000000000008c8       0x70 ./Drivers/STM32F1xx_HAL_Driver/Src/stm32f1xx_hal_gpio.o
 .debug_ranges  0x0000000000000938      0x420 ./Drivers/STM32F1xx_HAL_Driver/Src/stm32f1xx_hal_pcd.o
 .debug_ranges  0x0000000000000d58       0x18 ./Drivers/STM32F1xx_HAL_Driver/Src/stm32f1xx_hal_pcd_ex.o
 .debug_ranges  0x0000000000000d70      0x140 ./Drivers/STM32F1xx_HAL_Driver/Src/stm32f1xx_hal_rcc.o
 .debug_ranges  0x0000000000000eb0       0x60 ./Drivers/STM32F1xx_HAL_Driver/Src/stm32f1xx_hal_rcc_ex.o
 .debug_ranges  0x0000000000000f10      0x600 ./Drivers/STM32F1xx_HAL_Driver/Src/stm32f1xx_ll_usb.o
 .debug_ranges  0x0000000000001510       0x68 ./Middlewares/ST/STM32_USB_Device_Library/Class/CustomHID/Src/usbd_customhid.o
 .debug_ranges  0x0000000000001578       0x98 ./Middlewares/ST/STM32_USB_Device_Library/Core/Src/usbd_core.o
 .debug_ranges  0x0000000000001610       0xf0 ./Middlewares/ST/STM32_USB_Device_Library/Core/Src/usbd_ctlreq.o
 .debug_ranges  0x0000000000001700       0x40 ./Middlewares/ST/STM32_USB_Device_Library/Core/Src/usbd_ioreq.o
 .debug_ranges  0x0000000000001740       0x18 ./USB_DEVICE/App/usb_device.o
 .debug_ranges  0x0000000000001758       0x18 ./USB_DEVICE/App/usbd_custom_hid_if.o
 .debug_ranges  0x0000000000001770      0x140 ./USB_DEVICE/App/usbd_desc.o
 .debug_ranges  0x00000000000018b0      0x238 ./USB_DEVICE/Target/usbd_conf.o

.debug_macro    0x0000000000000000    0x19d12
 .debug_macro   0x0000000000000000      0x3bd ./Core/Src/main.o
 .debug_macro   0x00000000000003bd      0xa6c ./Core/Src/main.o
 .debug_macro   0x0000000000000e29      0x221 ./Core/Src/main.o
 .debug_macro   0x000000000000104a       0x2e ./Core/Src/main.o
 .debug_macro   0x0000000000001078       0x22 ./Core/Src/main.o
 .debug_macro   0x000000000000109a       0x22 ./Core/Src/main.o
 .debug_macro   0x00000000000010bc       0x8e ./Core/Src/main.o
 .debug_macro   0x000000000000114a       0x51 ./Core/Src/main.o
 .debug_macro   0x000000000000119b      0x103 ./Core/Src/main.o
 .debug_macro   0x000000000000129e       0x6a ./Core/Src/main.o
 .debug_macro   0x0000000000001308      0x1df ./Core/Src/main.o
 .debug_macro   0x00000000000014e7       0x1c ./Core/Src/main.o
 .debug_macro   0x0000000000001503       0x22 ./Core/Src/main.o
 .debug_macro   0x0000000000001525       0xbd ./Core/Src/main.o
 .debug_macro   0x00000000000015e2      0xd23 ./Core/Src/main.o
 .debug_macro   0x0000000000002305     0xde75 ./Core/Src/main.o
 .debug_macro   0x000000000001017a       0x6d ./Core/Src/main.o
 .debug_macro   0x00000000000101e7     0x34a2 ./Core/Src/main.o
 .debug_macro   0x0000000000013689      0x174 ./Core/Src/main.o
 .debug_macro   0x00000000000137fd       0x5c ./Core/Src/main.o
 .debug_macro   0x0000000000013859      0x5bc ./Core/Src/main.o
 .debug_macro   0x0000000000013e15      0x1b7 ./Core/Src/main.o
 .debug_macro   0x0000000000013fcc      0x1cb ./Core/Src/main.o
 .debug_macro   0x0000000000014197      0x114 ./Core/Src/main.o
 .debug_macro   0x00000000000142ab      0x1b2 ./Core/Src/main.o
 .debug_macro   0x000000000001445d       0x27 ./Core/Src/main.o
 .debug_macro   0x0000000000014484      0x12f ./Core/Src/main.o
 .debug_macro   0x00000000000145b3      0x1bc ./Core/Src/main.o
 .debug_macro   0x000000000001476f       0x34 ./Core/Src/main.o
 .debug_macro   0x00000000000147a3       0x3c ./Core/Src/main.o
 .debug_macro   0x00000000000147df       0x57 ./Core/Src/main.o
 .debug_macro   0x0000000000014836      0x46a ./Core/Src/main.o
 .debug_macro   0x0000000000014ca0      0x1b5 ./Core/Src/main.o
 .debug_macro   0x0000000000014e55       0x87 ./Core/Src/main.o
 .debug_macro   0x0000000000014edc      0x183 ./Core/Src/main.o
 .debug_macro   0x000000000001505f      0x140 ./Core/Src/main.o
 .debug_macro   0x000000000001519f       0xb7 ./Core/Src/main.o
 .debug_macro   0x0000000000015256      0x242 ./Core/Src/main.o
 .debug_macro   0x0000000000015498       0x69 ./Core/Src/main.o
 .debug_macro   0x0000000000015501       0x52 ./Core/Src/main.o
 .debug_macro   0x0000000000015553       0x18 ./Core/Src/main.o
 .debug_macro   0x000000000001556b       0x3c ./Core/Src/main.o
 .debug_macro   0x00000000000155a7       0x34 ./Core/Src/main.o
 .debug_macro   0x00000000000155db       0x16 ./Core/Src/main.o
 .debug_macro   0x00000000000155f1       0x35 ./Core/Src/main.o
 .debug_macro   0x0000000000015626      0x341 ./Core/Src/main.o
 .debug_macro   0x0000000000015967       0x10 ./Core/Src/main.o
 .debug_macro   0x0000000000015977       0x16 ./Core/Src/main.o
 .debug_macro   0x000000000001598d       0x43 ./Core/Src/main.o
 .debug_macro   0x00000000000159d0       0x34 ./Core/Src/main.o
 .debug_macro   0x0000000000015a04       0x10 ./Core/Src/main.o
 .debug_macro   0x0000000000015a14       0x58 ./Core/Src/main.o
 .debug_macro   0x0000000000015a6c       0x71 ./Core/Src/main.o
 .debug_macro   0x0000000000015add       0x1c ./Core/Src/main.o
 .debug_macro   0x0000000000015af9      0x12a ./Core/Src/main.o
 .debug_macro   0x0000000000015c23       0x10 ./Core/Src/main.o
 .debug_macro   0x0000000000015c33       0x1c ./Core/Src/main.o
 .debug_macro   0x0000000000015c4f       0x52 ./Core/Src/main.o
 .debug_macro   0x0000000000015ca1       0x22 ./Core/Src/main.o
 .debug_macro   0x0000000000015cc3       0x10 ./Core/Src/main.o
 .debug_macro   0x0000000000015cd3       0x52 ./Core/Src/main.o
 .debug_macro   0x0000000000015d25       0xd5 ./Core/Src/main.o
 .debug_macro   0x0000000000015dfa       0x1c ./Core/Src/main.o
 .debug_macro   0x0000000000015e16       0x3d ./Core/Src/main.o
 .debug_macro   0x0000000000015e53       0x16 ./Core/Src/main.o
 .debug_macro   0x0000000000015e69      0x145 ./Core/Src/main.o
 .debug_macro   0x0000000000015fae       0x16 ./Core/Src/main.o
 .debug_macro   0x0000000000015fc4       0x16 ./Core/Src/main.o
 .debug_macro   0x0000000000015fda       0x29 ./Core/Src/main.o
 .debug_macro   0x0000000000016003       0x16 ./Core/Src/main.o
 .debug_macro   0x0000000000016019       0x20 ./Core/Src/main.o
 .debug_macro   0x0000000000016039       0x6c ./Core/Src/main.o
 .debug_macro   0x00000000000160a5      0x1c8 ./Core/Src/main.o
 .debug_macro   0x000000000001626d      0x1c4 ./Core/Src/stm32f1xx_hal_msp.o
 .debug_macro   0x0000000000016431      0x1ce ./Core/Src/stm32f1xx_it.o
 .debug_macro   0x00000000000165ff      0x1ba ./Core/Src/system_stm32f1xx.o
 .debug_macro   0x00000000000167b9      0x1de ./Drivers/STM32F1xx_HAL_Driver/Src/stm32f1xx_hal.o
 .debug_macro   0x0000000000016997      0x1d7 ./Drivers/STM32F1xx_HAL_Driver/Src/stm32f1xx_hal_adc.o
 .debug_macro   0x0000000000016b6e      0x1ba ./Drivers/STM32F1xx_HAL_Driver/Src/stm32f1xx_hal_cortex.o
 .debug_macro   0x0000000000016d28      0x1ba ./Drivers/STM32F1xx_HAL_Driver/Src/stm32f1xx_hal_dma.o
 .debug_macro   0x0000000000016ee2      0x225 ./Drivers/STM32F1xx_HAL_Driver/Src/stm32f1xx_hal_gpio.o
 .debug_macro   0x0000000000017107      0x1c6 ./Drivers/STM32F1xx_HAL_Driver/Src/stm32f1xx_hal_pcd.o
 .debug_macro   0x00000000000172cd      0x1ba ./Drivers/STM32F1xx_HAL_Driver/Src/stm32f1xx_hal_pcd_ex.o
 .debug_macro   0x0000000000017487      0x1cc ./Drivers/STM32F1xx_HAL_Driver/Src/stm32f1xx_hal_rcc.o
 .debug_macro   0x0000000000017653      0x1ba ./Drivers/STM32F1xx_HAL_Driver/Src/stm32f1xx_hal_rcc_ex.o
 .debug_macro   0x000000000001780d      0x1ba ./Drivers/STM32F1xx_HAL_Driver/Src/stm32f1xx_ll_usb.o
 .debug_macro   0x00000000000179c7      0x3da ./Middlewares/ST/STM32_USB_Device_Library/Class/CustomHID/Src/usbd_customhid.o
 .debug_macro   0x0000000000017da1       0x97 ./Middlewares/ST/STM32_USB_Device_Library/Class/CustomHID/Src/usbd_customhid.o
 .debug_macro   0x0000000000017e38       0xfd ./Middlewares/ST/STM32_USB_Device_Library/Class/CustomHID/Src/usbd_customhid.o
 .debug_macro   0x0000000000017f35       0x56 ./Middlewares/ST/STM32_USB_Device_Library/Class/CustomHID/Src/usbd_customhid.o
 .debug_macro   0x0000000000017f8b       0x65 ./Middlewares/ST/STM32_USB_Device_Library/Class/CustomHID/Src/usbd_customhid.o
 .debug_macro   0x0000000000017ff0      0x3c1 ./Middlewares/ST/STM32_USB_Device_Library/Core/Src/usbd_core.o
 .debug_macro   0x00000000000183b1      0x1ce ./Middlewares/ST/STM32_USB_Device_Library/Core/Src/usbd_core.o
 .debug_macro   0x000000000001857f      0x3cb ./Middlewares/ST/STM32_USB_Device_Library/Core/Src/usbd_ctlreq.o
 .debug_macro   0x000000000001894a      0x3c7 ./Middlewares/ST/STM32_USB_Device_Library/Core/Src/usbd_ioreq.o
 .debug_macro   0x0000000000018d11      0x401 ./USB_DEVICE/App/usb_device.o
 .debug_macro   0x0000000000019112       0x22 ./USB_DEVICE/App/usb_device.o
 .debug_macro   0x0000000000019134      0x3e0 ./USB_DEVICE/App/usbd_custom_hid_if.o
 .debug_macro   0x0000000000019514      0x3fe ./USB_DEVICE/App/usbd_desc.o
 .debug_macro   0x0000000000019912       0x1c ./USB_DEVICE/App/usbd_desc.o
 .debug_macro   0x000000000001992e      0x3e4 ./USB_DEVICE/Target/usbd_conf.o

.debug_line     0x0000000000000000    0x138fc
 .debug_line    0x0000000000000000     0x1109 ./Core/Src/main.o
 .debug_line    0x0000000000001109      0x7c5 ./Core/Src/stm32f1xx_hal_msp.o
 .debug_line    0x00000000000018ce      0x79c ./Core/Src/stm32f1xx_it.o
 .debug_line    0x000000000000206a      0x720 ./Core/Src/system_stm32f1xx.o
 .debug_line    0x000000000000278a       0x86 ./Core/Startup/startup_stm32f103c6tx.o
 .debug_line    0x0000000000002810      0x9ee ./Drivers/STM32F1xx_HAL_Driver/Src/stm32f1xx_hal.o
 .debug_line    0x00000000000031fe     0x187e ./Drivers/STM32F1xx_HAL_Driver/Src/stm32f1xx_hal_adc.o
 .debug_line    0x0000000000004a7c      0xbd3 ./Drivers/STM32F1xx_HAL_Driver/Src/stm32f1xx_hal_cortex.o
 .debug_line    0x000000000000564f     0x1218 ./Drivers/STM32F1xx_HAL_Driver/Src/stm32f1xx_hal_dma.o
 .debug_line    0x0000000000006867      0xae8 ./Drivers/STM32F1xx_HAL_Driver/Src/stm32f1xx_hal_gpio.o
 .debug_line    0x000000000000734f     0x1c50 ./Drivers/STM32F1xx_HAL_Driver/Src/stm32f1xx_hal_pcd.o
 .debug_line    0x0000000000008f9f      0x71d ./Drivers/STM32F1xx_HAL_Driver/Src/stm32f1xx_hal_pcd_ex.o
 .debug_line    0x00000000000096bc     0x122a ./Drivers/STM32F1xx_HAL_Driver/Src/stm32f1xx_hal_rcc.o
 .debug_line    0x000000000000a8e6      0x989 ./Drivers/STM32F1xx_HAL_Driver/Src/stm32f1xx_hal_rcc_ex.o
 .debug_line    0x000000000000b26f     0x1ed7 ./Drivers/STM32F1xx_HAL_Driver/Src/stm32f1xx_ll_usb.o
 .debug_line    0x000000000000d146      0xdae ./Middlewares/ST/STM32_USB_Device_Library/Class/CustomHID/Src/usbd_customhid.o
 .debug_line    0x000000000000def4      0xedb ./Middlewares/ST/STM32_USB_Device_Library/Core/Src/usbd_core.o
 .debug_line    0x000000000000edcf     0x102d ./Middlewares/ST/STM32_USB_Device_Library/Core/Src/usbd_ctlreq.o
 .debug_line    0x000000000000fdfc      0xa94 ./Middlewares/ST/STM32_USB_Device_Library/Core/Src/usbd_ioreq.o
 .debug_line    0x0000000000010890      0xa72 ./USB_DEVICE/App/usb_device.o
 .debug_line    0x0000000000011302      0x9f2 ./USB_DEVICE/App/usbd_custom_hid_if.o
 .debug_line    0x0000000000011cf4      0xca8 ./USB_DEVICE/App/usbd_desc.o
 .debug_line    0x000000000001299c      0xf60 ./USB_DEVICE/Target/usbd_conf.o

.debug_str      0x0000000000000000    0x87b35
 .debug_str     0x0000000000000000    0x84aad ./Core/Src/main.o
                                      0x84f44 (size before relaxing)
 .debug_str     0x0000000000084aad       0xf8 ./Core/Src/stm32f1xx_hal_msp.o
                                      0x80063 (size before relaxing)
 .debug_str     0x0000000000084ba5      0x404 ./Core/Src/stm32f1xx_it.o
                                      0x801f8 (size before relaxing)
 .debug_str     0x0000000000084fa9       0x7e ./Core/Src/system_stm32f1xx.o
                                      0x7fc82 (size before relaxing)
 .debug_str     0x0000000000085027       0x36 ./Core/Startup/startup_stm32f103c6tx.o
                                         0x6c (size before relaxing)
 .debug_str     0x000000000008505d      0x384 ./Drivers/STM32F1xx_HAL_Driver/Src/stm32f1xx_hal.o
                                      0x8037b (size before relaxing)
 .debug_str     0x00000000000853e1      0x359 ./Drivers/STM32F1xx_HAL_Driver/Src/stm32f1xx_hal_adc.o
                                      0x80366 (size before relaxing)
 .debug_str     0x000000000008573a      0x280 ./Drivers/STM32F1xx_HAL_Driver/Src/stm32f1xx_hal_cortex.o
                                      0x802c7 (size before relaxing)
 .debug_str     0x00000000000859ba      0x1e7 ./Drivers/STM32F1xx_HAL_Driver/Src/stm32f1xx_hal_dma.o
                                      0x8002b (size before relaxing)
 .debug_str     0x0000000000085ba1      0x31d ./Drivers/STM32F1xx_HAL_Driver/Src/stm32f1xx_hal_gpio.o
                                      0x80008 (size before relaxing)
 .debug_str     0x0000000000085ebe      0x5bd ./Drivers/STM32F1xx_HAL_Driver/Src/stm32f1xx_hal_pcd.o
                                      0x8059f (size before relaxing)
 .debug_str     0x000000000008647b      0x170 ./Drivers/STM32F1xx_HAL_Driver/Src/stm32f1xx_hal_pcd_ex.o
                                      0x80101 (size before relaxing)
 .debug_str     0x00000000000865eb      0x229 ./Drivers/STM32F1xx_HAL_Driver/Src/stm32f1xx_hal_rcc.o
                                      0x800b1 (size before relaxing)
 .debug_str     0x0000000000086814       0x84 ./Drivers/STM32F1xx_HAL_Driver/Src/stm32f1xx_hal_rcc_ex.o
                                      0x7fe01 (size before relaxing)
 .debug_str     0x0000000000086898      0x129 ./Drivers/STM32F1xx_HAL_Driver/Src/stm32f1xx_ll_usb.o
                                      0x80153 (size before relaxing)
 .debug_str     0x00000000000869c1      0x92d ./Middlewares/ST/STM32_USB_Device_Library/Class/CustomHID/Src/usbd_customhid.o
                                      0x84e52 (size before relaxing)
 .debug_str     0x00000000000872ee      0x281 ./Middlewares/ST/STM32_USB_Device_Library/Core/Src/usbd_core.o
                                      0x84b24 (size before relaxing)
 .debug_str     0x000000000008756f      0x11b ./Middlewares/ST/STM32_USB_Device_Library/Core/Src/usbd_ctlreq.o
                                      0x84a3e (size before relaxing)
 .debug_str     0x000000000008768a       0x67 ./Middlewares/ST/STM32_USB_Device_Library/Core/Src/usbd_ioreq.o
                                      0x8496b (size before relaxing)
 .debug_str     0x00000000000876f1       0xe0 ./USB_DEVICE/App/usb_device.o
                                      0x84c4c (size before relaxing)
 .debug_str     0x00000000000877d1       0x89 ./USB_DEVICE/App/usbd_custom_hid_if.o
                                      0x847b0 (size before relaxing)
 .debug_str     0x000000000008785a      0x26e ./USB_DEVICE/App/usbd_desc.o
                                      0x848bd (size before relaxing)
 .debug_str     0x0000000000087ac8       0x6d ./USB_DEVICE/Target/usbd_conf.o
                                      0x8566c (size before relaxing)

.comment        0x0000000000000000       0x50
 .comment       0x0000000000000000       0x50 ./Core/Src/main.o
                                         0x51 (size before relaxing)
 .comment       0x0000000000000050       0x51 ./Core/Src/stm32f1xx_hal_msp.o
 .comment       0x0000000000000050       0x51 ./Core/Src/stm32f1xx_it.o
 .comment       0x0000000000000050       0x51 ./Core/Src/system_stm32f1xx.o
 .comment       0x0000000000000050       0x51 ./Drivers/STM32F1xx_HAL_Driver/Src/stm32f1xx_hal.o
 .comment       0x0000000000000050       0x51 ./Drivers/STM32F1xx_HAL_Driver/Src/stm32f1xx_hal_adc.o
 .comment       0x0000000000000050       0x51 ./Drivers/STM32F1xx_HAL_Driver/Src/stm32f1xx_hal_cortex.o
 .comment       0x0000000000000050       0x51 ./Drivers/STM32F1xx_HAL_Driver/Src/stm32f1xx_hal_dma.o
 .comment       0x0000000000000050       0x51 ./Drivers/STM32F1xx_HAL_Driver/Src/stm32f1xx_hal_gpio.o
 .comment       0x0000000000000050       0x51 ./Drivers/STM32F1xx_HAL_Driver/Src/stm32f1xx_hal_pcd.o
 .comment       0x0000000000000050       0x51 ./Drivers/STM32F1xx_HAL_Driver/Src/stm32f1xx_hal_pcd_ex.o
 .comment       0x0000000000000050       0x51 ./Drivers/STM32F1xx_HAL_Driver/Src/stm32f1xx_hal_rcc.o
 .comment       0x0000000000000050       0x51 ./Drivers/STM32F1xx_HAL_Driver/Src/stm32f1xx_hal_rcc_ex.o
 .comment       0x0000000000000050       0x51 ./Drivers/STM32F1xx_HAL_Driver/Src/stm32f1xx_ll_usb.o
 .comment       0x0000000000000050       0x51 ./Middlewares/ST/STM32_USB_Device_Library/Class/CustomHID/Src/usbd_customhid.o
 .comment       0x0000000000000050       0x51 ./Middlewares/ST/STM32_USB_Device_Library/Core/Src/usbd_core.o
 .comment       0x0000000000000050       0x51 ./Middlewares/ST/STM32_USB_Device_Library/Core/Src/usbd_ctlreq.o
 .comment       0x0000000000000050       0x51 ./Middlewares/ST/STM32_USB_Device_Library/Core/Src/usbd_ioreq.o
 .comment       0x0000000000000050       0x51 ./USB_DEVICE/App/usb_device.o
 .comment       0x0000000000000050       0x51 ./USB_DEVICE/App/usbd_custom_hid_if.o
 .comment       0x0000000000000050       0x51 ./USB_DEVICE/App/usbd_desc.o
 .comment       0x0000000000000050       0x51 ./USB_DEVICE/Target/usbd_conf.o

.debug_frame    0x0000000000000000     0x1bf0
 .debug_frame   0x0000000000000000       0xcc ./Core/Src/main.o
 .debug_frame   0x00000000000000cc       0x70 ./Core/Src/stm32f1xx_hal_msp.o
 .debug_frame   0x000000000000013c       0xc0 ./Core/Src/stm32f1xx_it.o
 .debug_frame   0x00000000000001fc       0x30 ./Core/Src/system_stm32f1xx.o
 .debug_frame   0x000000000000022c      0x1d4 ./Drivers/STM32F1xx_HAL_Driver/Src/stm32f1xx_hal.o
 .debug_frame   0x0000000000000400      0x314 ./Drivers/STM32F1xx_HAL_Driver/Src/stm32f1xx_hal_adc.o
 .debug_frame   0x0000000000000714      0x128 ./Drivers/STM32F1xx_HAL_Driver/Src/stm32f1xx_hal_cortex.o
 .debug_frame   0x000000000000083c      0x15c ./Drivers/STM32F1xx_HAL_Driver/Src/stm32f1xx_hal_dma.o
 .debug_frame   0x0000000000000998       0xec ./Drivers/STM32F1xx_HAL_Driver/Src/stm32f1xx_hal_gpio.o
 .debug_frame   0x0000000000000a84      0x2e4 ./Drivers/STM32F1xx_HAL_Driver/Src/stm32f1xx_hal_pcd.o
 .debug_frame   0x0000000000000d68       0x50 ./Drivers/STM32F1xx_HAL_Driver/Src/stm32f1xx_hal_pcd_ex.o
 .debug_frame   0x0000000000000db8      0x190 ./Drivers/STM32F1xx_HAL_Driver/Src/stm32f1xx_hal_rcc.o
 .debug_frame   0x0000000000000f48       0x68 ./Drivers/STM32F1xx_HAL_Driver/Src/stm32f1xx_hal_rcc_ex.o
 .debug_frame   0x0000000000000fb0      0x218 ./Drivers/STM32F1xx_HAL_Driver/Src/stm32f1xx_ll_usb.o
 .debug_frame   0x00000000000011c8      0x120 ./Middlewares/ST/STM32_USB_Device_Library/Class/CustomHID/Src/usbd_customhid.o
 .debug_frame   0x00000000000012e8      0x1c4 ./Middlewares/ST/STM32_USB_Device_Library/Core/Src/usbd_core.o
 .debug_frame   0x00000000000014ac       0xc0 ./Middlewares/ST/STM32_USB_Device_Library/Core/Src/usbd_ctlreq.o
 .debug_frame   0x000000000000156c       0xb0 ./Middlewares/ST/STM32_USB_Device_Library/Core/Src/usbd_ioreq.o
 .debug_frame   0x000000000000161c       0x3c ./USB_DEVICE/App/usb_device.o
 .debug_frame   0x0000000000001658       0x40 ./USB_DEVICE/App/usbd_custom_hid_if.o
 .debug_frame   0x0000000000001698       0xa0 ./USB_DEVICE/App/usbd_desc.o
 .debug_frame   0x0000000000001738      0x284 ./USB_DEVICE/Target/usbd_conf.o
 .debug_frame   0x00000000000019bc       0x2c c:/st/stm32cubeide_1.9.0/stm32cubeide/plugins/com.st.stm32cube.ide.mcu.externaltools.gnu-tools-for-stm32.10.3-2021.10.win32_1.0.0.202111181127/tools/bin/../lib/gcc/arm-none-eabi/10.3.1/../../../../arm-none-eabi/lib/thumb/v7-m/nofp\libc_nano.a(lib_a-init.o)
 .debug_frame   0x00000000000019e8       0xac c:/st/stm32cubeide_1.9.0/stm32cubeide/plugins/com.st.stm32cube.ide.mcu.externaltools.gnu-tools-for-stm32.10.3-2021.10.win32_1.0.0.202111181127/tools/bin/../lib/gcc/arm-none-eabi/10.3.1/thumb/v7-m/nofp\libgcc.a(_arm_addsubdf3.o)
 .debug_frame   0x0000000000001a94       0x50 c:/st/stm32cubeide_1.9.0/stm32cubeide/plugins/com.st.stm32cube.ide.mcu.externaltools.gnu-tools-for-stm32.10.3-2021.10.win32_1.0.0.202111181127/tools/bin/../lib/gcc/arm-none-eabi/10.3.1/thumb/v7-m/nofp\libgcc.a(_arm_muldivdf3.o)
 .debug_frame   0x0000000000001ae4       0xc4 c:/st/stm32cubeide_1.9.0/stm32cubeide/plugins/com.st.stm32cube.ide.mcu.externaltools.gnu-tools-for-stm32.10.3-2021.10.win32_1.0.0.202111181127/tools/bin/../lib/gcc/arm-none-eabi/10.3.1/thumb/v7-m/nofp\libgcc.a(_arm_cmpdf2.o)
 .debug_frame   0x0000000000001ba8       0x24 c:/st/stm32cubeide_1.9.0/stm32cubeide/plugins/com.st.stm32cube.ide.mcu.externaltools.gnu-tools-for-stm32.10.3-2021.10.win32_1.0.0.202111181127/tools/bin/../lib/gcc/arm-none-eabi/10.3.1/thumb/v7-m/nofp\libgcc.a(_arm_fixdfsi.o)
 .debug_frame   0x0000000000001bcc       0x24 c:/st/stm32cubeide_1.9.0/stm32cubeide/plugins/com.st.stm32cube.ide.mcu.externaltools.gnu-tools-for-stm32.10.3-2021.10.win32_1.0.0.202111181127/tools/bin/../lib/gcc/arm-none-eabi/10.3.1/thumb/v7-m/nofp\libgcc.a(_arm_fixunsdfsi.o)
